Component: Arm Compiler for Embedded 6.24 Tool: armlink [5f371500]

==============================================================================

Removing Unused input sections from the image.

    Removing 000_stm32f4xx_hal.o(.text), (0 bytes).
    Removing 000_stm32f4xx_hal.o(.text.HAL_InitTick), (80 bytes).
    Removing 000_stm32f4xx_hal.o(.ARM.exidx.text.HAL_InitTick), (8 bytes).
    Removing 000_stm32f4xx_hal.o(.text.HAL_MspInit), (2 bytes).
    Removing 000_stm32f4xx_hal.o(.ARM.exidx.text.HAL_MspInit), (8 bytes).
    Removing 000_stm32f4xx_hal.o(.text.HAL_DeInit), (44 bytes).
    Removing 000_stm32f4xx_hal.o(.ARM.exidx.text.HAL_DeInit), (8 bytes).
    Removing 000_stm32f4xx_hal.o(.text.HAL_MspDeInit), (2 bytes).
    Removing 000_stm32f4xx_hal.o(.ARM.exidx.text.HAL_MspDeInit), (8 bytes).
    Removing 000_stm32f4xx_hal.o(.text.HAL_GetTickPrio), (12 bytes).
    Removing 000_stm32f4xx_hal.o(.ARM.exidx.text.HAL_GetTickPrio), (8 bytes).
    Removing 000_stm32f4xx_hal.o(.text.HAL_SetTickFreq), (46 bytes).
    Removing 000_stm32f4xx_hal.o(.ARM.exidx.text.HAL_SetTickFreq), (8 bytes).
    Removing 000_stm32f4xx_hal.o(.text.HAL_GetTickFreq), (12 bytes).
    Removing 000_stm32f4xx_hal.o(.ARM.exidx.text.HAL_GetTickFreq), (8 bytes).
    Removing 000_stm32f4xx_hal.o(.text.HAL_Delay), (40 bytes).
    Removing 000_stm32f4xx_hal.o(.ARM.exidx.text.HAL_Delay), (8 bytes).
    Removing 000_stm32f4xx_hal.o(.text.HAL_SuspendTick), (18 bytes).
    Removing 000_stm32f4xx_hal.o(.ARM.exidx.text.HAL_SuspendTick), (8 bytes).
    Removing 000_stm32f4xx_hal.o(.text.HAL_ResumeTick), (18 bytes).
    Removing 000_stm32f4xx_hal.o(.ARM.exidx.text.HAL_ResumeTick), (8 bytes).
    Removing 000_stm32f4xx_hal.o(.text.HAL_GetHalVersion), (6 bytes).
    Removing 000_stm32f4xx_hal.o(.ARM.exidx.text.HAL_GetHalVersion), (8 bytes).
    Removing 000_stm32f4xx_hal.o(.text.HAL_GetREVID), (14 bytes).
    Removing 000_stm32f4xx_hal.o(.ARM.exidx.text.HAL_GetREVID), (8 bytes).
    Removing 000_stm32f4xx_hal.o(.text.HAL_GetDEVID), (16 bytes).
    Removing 000_stm32f4xx_hal.o(.ARM.exidx.text.HAL_GetDEVID), (8 bytes).
    Removing 000_stm32f4xx_hal.o(.text.HAL_DBGMCU_EnableDBGSleepMode), (18 bytes).
    Removing 000_stm32f4xx_hal.o(.ARM.exidx.text.HAL_DBGMCU_EnableDBGSleepMode), (8 bytes).
    Removing 000_stm32f4xx_hal.o(.text.HAL_DBGMCU_DisableDBGSleepMode), (18 bytes).
    Removing 000_stm32f4xx_hal.o(.ARM.exidx.text.HAL_DBGMCU_DisableDBGSleepMode), (8 bytes).
    Removing 000_stm32f4xx_hal.o(.text.HAL_DBGMCU_EnableDBGStopMode), (18 bytes).
    Removing 000_stm32f4xx_hal.o(.ARM.exidx.text.HAL_DBGMCU_EnableDBGStopMode), (8 bytes).
    Removing 000_stm32f4xx_hal.o(.text.HAL_DBGMCU_DisableDBGStopMode), (18 bytes).
    Removing 000_stm32f4xx_hal.o(.ARM.exidx.text.HAL_DBGMCU_DisableDBGStopMode), (8 bytes).
    Removing 000_stm32f4xx_hal.o(.text.HAL_DBGMCU_EnableDBGStandbyMode), (18 bytes).
    Removing 000_stm32f4xx_hal.o(.ARM.exidx.text.HAL_DBGMCU_EnableDBGStandbyMode), (8 bytes).
    Removing 000_stm32f4xx_hal.o(.text.HAL_DBGMCU_DisableDBGStandbyMode), (18 bytes).
    Removing 000_stm32f4xx_hal.o(.ARM.exidx.text.HAL_DBGMCU_DisableDBGStandbyMode), (8 bytes).
    Removing 000_stm32f4xx_hal.o(.text.HAL_EnableCompensationCell), (14 bytes).
    Removing 000_stm32f4xx_hal.o(.ARM.exidx.text.HAL_EnableCompensationCell), (8 bytes).
    Removing 000_stm32f4xx_hal.o(.text.HAL_DisableCompensationCell), (14 bytes).
    Removing 000_stm32f4xx_hal.o(.ARM.exidx.text.HAL_DisableCompensationCell), (8 bytes).
    Removing 000_stm32f4xx_hal.o(.text.HAL_GetUIDw0), (12 bytes).
    Removing 000_stm32f4xx_hal.o(.ARM.exidx.text.HAL_GetUIDw0), (8 bytes).
    Removing 000_stm32f4xx_hal.o(.text.HAL_GetUIDw1), (12 bytes).
    Removing 000_stm32f4xx_hal.o(.ARM.exidx.text.HAL_GetUIDw1), (8 bytes).
    Removing 000_stm32f4xx_hal.o(.text.HAL_GetUIDw2), (12 bytes).
    Removing 000_stm32f4xx_hal.o(.ARM.exidx.text.HAL_GetUIDw2), (8 bytes).
    Removing 001_stm32f4xx_hal_adc.o(.text), (0 bytes).
    Removing 001_stm32f4xx_hal_adc.o(.text.HAL_ADC_MspInit), (2 bytes).
    Removing 001_stm32f4xx_hal_adc.o(.ARM.exidx.text.HAL_ADC_MspInit), (8 bytes).
    Removing 001_stm32f4xx_hal_adc.o(.text.HAL_ADC_DeInit), (62 bytes).
    Removing 001_stm32f4xx_hal_adc.o(.ARM.exidx.text.HAL_ADC_DeInit), (8 bytes).
    Removing 001_stm32f4xx_hal_adc.o(.text.HAL_ADC_MspDeInit), (2 bytes).
    Removing 001_stm32f4xx_hal_adc.o(.ARM.exidx.text.HAL_ADC_MspDeInit), (8 bytes).
    Removing 001_stm32f4xx_hal_adc.o(.text.HAL_ADC_Start), (330 bytes).
    Removing 001_stm32f4xx_hal_adc.o(.ARM.exidx.text.HAL_ADC_Start), (8 bytes).
    Removing 001_stm32f4xx_hal_adc.o(.text.HAL_ADC_Stop), (50 bytes).
    Removing 001_stm32f4xx_hal_adc.o(.ARM.exidx.text.HAL_ADC_Stop), (8 bytes).
    Removing 001_stm32f4xx_hal_adc.o(.text.HAL_ADC_PollForConversion), (188 bytes).
    Removing 001_stm32f4xx_hal_adc.o(.ARM.exidx.text.HAL_ADC_PollForConversion), (8 bytes).
[...]
    0x0802df4c   0x0000000c   Data   RO         3119    .rodata._ZL28ist8310_write_reg_data_error  141_ist8310driver.o
    0x0802df58   0x00000012   Data   RO         3102    .rodata._ZL32write_BMI088_gyro_reg_data_error  140_BMI088driver.o
    0x0802df6a   0x00000012   Data   RO         3101    .rodata._ZL33write_BMI088_accel_reg_data_error  140_BMI088driver.o
    0x0802df7c   0x000000c0   Data   RO         3541    .rodata._ZNSt3__212_GLOBAL__N_112small_primesE  libcpp_wx.l(hash.cpp.o)
    0x0802e03c   0x000000c0   Data   RO         3542    .rodata._ZNSt3__212_GLOBAL__N_17indicesE  libcpp_wx.l(hash.cpp.o)
    0x0802e0fc   0x00000001   Data   RO         2855    .rodata._ZNSt3__2L19piecewise_constructE  135_Propeller.o
    0x0802e0fd   0x00000003   PAD
    0x0802e100   0x0000000c   Data   RO         2854    .rodata._ZTI13Propeller_I2C  135_Propeller.o
    0x0802e10c   0x0000000c   Data   RO         2940    .rodata._ZTI14PressureSensor  136_Sensor.o
    0x0802e118   0x0000000c   Data   RO         2684    .rodata._ZTI3IMU    130_IMU.o
    0x0802e124   0x0000000c   Data   RO         2743    .rodata._ZTI3LED    132_LED.o
    0x0802e130   0x0000000c   Data   RO         2577    .rodata._ZTI6Buzzer  127_Buzzer.o
    0x0802e13c   0x00000008   Data   RO         2586    .rodata._ZTI6Device  127_Buzzer.o
    0x0802e144   0x0000000c   Data   RO         2985    .rodata._ZTI9Servo_I2C  137_Servo.o
    0x0802e150   0x0000000c   Data   RO         3761    .rodata._ZTIN10__cxxabiv116__shim_type_infoE  libcppabi_wx.l(private_typeinfo.cpp.o)
    0x0802e15c   0x0000000c   Data   RO         3763    .rodata._ZTIN10__cxxabiv117__class_type_infoE  libcppabi_wx.l(private_typeinfo.cpp.o)
    0x0802e168   0x0000000c   Data   RO         3938    .rodata._ZTIN10__cxxabiv120__si_class_type_infoE  libcppabi_wx.l(private_typeinfo.cpp.o)
    0x0802e174   0x0000000c   Data   RO         3976    .rodata._ZTISt13bad_exception  libcppabi_wx.l(stdlib_exception.cpp.o)
    0x0802e180   0x0000000c   Data   RO         4444    .rodata._ZTISt13runtime_error  libcppabi_wx.l(stdlib_stdexcept.cpp.o)
    0x0802e18c   0x0000000c   Data   RO         4448    .rodata._ZTISt14overflow_error  libcppabi_wx.l(stdlib_stdexcept.cpp.o)
    0x0802e198   0x0000000c   Data   RO         3980    .rodata._ZTISt20bad_array_new_length  libcppabi_wx.l(stdlib_exception.cpp.o)
    0x0802e1a4   0x0000000c   Data   RO         3979    .rodata._ZTISt9bad_alloc  libcppabi_wx.l(stdlib_exception.cpp.o)
    0x0802e1b0   0x00000008   Data   RO         3973    .rodata._ZTISt9exception  libcppabi_wx.l(stdlib_exception.cpp.o)
    0x0802e1b8   0x00000008   Data   RO         4478    .rodata._ZTISt9type_info  libcppabi_wx.l(stdlib_typeinfo.cpp.o)
    0x0802e1c0   0x00000010   Data   RO         2853    .rodata._ZTS13Propeller_I2C  135_Propeller.o
    0x0802e1d0   0x00000011   Data   RO         2939    .rodata._ZTS14PressureSensor  136_Sensor.o
    0x0802e1e1   0x00000005   Data   RO         2683    .rodata._ZTS3IMU    130_IMU.o
    0x0802e1e6   0x00000005   Data   RO         2742    .rodata._ZTS3LED    132_LED.o
    0x0802e1eb   0x00000008   Data   RO         2576    .rodata._ZTS6Buzzer  127_Buzzer.o
    0x0802e1f3   0x00000008   Data   RO         2585    .rodata._ZTS6Device  127_Buzzer.o
    0x0802e1fb   0x0000000b   Data   RO         2984    .rodata._ZTS9Servo_I2C  137_Servo.o
    0x0802e206   0x00000021   Data   RO         3760    .rodata._ZTSN10__cxxabiv116__shim_type_infoE  libcppabi_wx.l(private_typeinfo.cpp.o)
    0x0802e227   0x00000022   Data   RO         3762    .rodata._ZTSN10__cxxabiv117__class_type_infoE  libcppabi_wx.l(private_typeinfo.cpp.o)
    0x0802e249   0x00000025   Data   RO         3937    .rodata._ZTSN10__cxxabiv120__si_class_type_infoE  libcppabi_wx.l(private_typeinfo.cpp.o)
    0x0802e26e   0x00000012   Data   RO         3975    .rodata._ZTSSt13bad_exception  libcppabi_wx.l(stdlib_exception.cpp.o)
    0x0802e280   0x00000012   Data   RO         4443    .rodata._ZTSSt13runtime_error  libcppabi_wx.l(stdlib_stdexcept.cpp.o)
    0x0802e292   0x00000013   Data   RO         4447    .rodata._ZTSSt14overflow_error  libcppabi_wx.l(stdlib_stdexcept.cpp.o)
    0x0802e2a5   0x00000019   Data   RO         3977    .rodata._ZTSSt20bad_array_new_length  libcppabi_wx.l(stdlib_exception.cpp.o)
    0x0802e2be   0x0000000d   Data   RO         3978    .rodata._ZTSSt9bad_alloc  libcppabi_wx.l(stdlib_exception.cpp.o)
    0x0802e2cb   0x0000000d   Data   RO         3972    .rodata._ZTSSt9exception  libcppabi_wx.l(stdlib_exception.cpp.o)
    0x0802e2d8   0x0000000d   Data   RO         4477    .rodata._ZTSSt9type_info  libcppabi_wx.l(stdlib_typeinfo.cpp.o)
    0x0802e2e5   0x00000003   PAD
    0x0802e2e8   0x00000014   Data   RO         2852    .rodata._ZTV13Propeller_I2C  135_Propeller.o
    0x0802e2fc   0x00000014   Data   RO         2938    .rodata._ZTV14PressureSensor  136_Sensor.o
    0x0802e310   0x00000014   Data   RO         2682    .rodata._ZTV3IMU    130_IMU.o
    0x0802e324   0x00000014   Data   RO         2741    .rodata._ZTV3LED    132_LED.o
    0x0802e338   0x00000014   Data   RO         2575    .rodata._ZTV6Buzzer  127_Buzzer.o
    0x0802e34c   0x00000014   Data   RO         2983    .rodata._ZTV9Servo_I2C  137_Servo.o
    0x0802e360   0x00000028   Data   RO         3935    .rodata._ZTVN10__cxxabiv117__class_type_infoE  libcppabi_wx.l(private_typeinfo.cpp.o)
    0x0802e388   0x00000028   Data   RO         3936    .rodata._ZTVN10__cxxabiv120__si_class_type_infoE  libcppabi_wx.l(private_typeinfo.cpp.o)
    0x0802e3b0   0x00000048   Data   RO         4557    .rodata._ZTVN9libunwind12UnwindCursorINS_17LocalAddressSpaceENS_13Registers_armEEE  libunwind_wx.l(libunwind.cpp.o)
    0x0802e3f8   0x00000014   Data   RO         3974    .rodata._ZTVSt13bad_exception  libcppabi_wx.l(stdlib_exception.cpp.o)
    0x0802e40c   0x00000014   Data   RO         4426    .rodata._ZTVSt13runtime_error  libcppabi_wx.l(stdlib_stdexcept.cpp.o)
    0x0802e420   0x00000014   Data   RO         4446    .rodata._ZTVSt14overflow_error  libcppabi_wx.l(stdlib_stdexcept.cpp.o)
    0x0802e434   0x00000014   Data   RO         3970    .rodata._ZTVSt20bad_array_new_length  libcppabi_wx.l(stdlib_exception.cpp.o)
    0x0802e448   0x00000014   Data   RO         3969    .rodata._ZTVSt9bad_alloc  libcppabi_wx.l(stdlib_exception.cpp.o)
    0x0802e45c   0x00000012   Data   RO         3103    .rodata._ZZ22bmi088_accel_self_testvE43write_BMI088_ACCEL_self_test_Reg_Data_Error  140_BMI088driver.o
    0x0802e46e   0x00000002   PAD
    0x0802e470   0x00000020   Data   RO         2685    .rodata.cst32       130_IMU.o
    0x0802e490   0x00000008   Data   RO          322    .rodata.cst8        014_stm32f4xx_hal_dma.o
    0x0802e498   0x00000093   Data   RO         1736    .rodata.str1.1      096_port.o
    0x0802e52b   0x0000007e   Data   RO         1788    .rodata.str1.1      097_queue.o
    0x0802e5a9   0x0000007e   Data   RO         1873    .rodata.str1.1      098_tasks.o
    0x0802e627   0x00000013   Data   RO         2050    .rodata.str1.1      106_main.o
    0x0802e63a   0x0000001c   Data   RO         2850    .rodata.str1.1      135_Propeller.o
    0x0802e656   0x00000005   Data   RO         2979    .rodata.str1.1      137_Servo.o
    0x0802e65b   0x00000108   Data   RO         3024    .rodata.str1.1      138_Usermain.o
    0x0802e763   0x00000100   Data   RO         3195    .rodata.str1.1      144_ControllerTaskStartup.o
    0x0802e863   0x00000210   Data   RO         3230    .rodata.str1.1      145_ControlLoopTask.o
    0x0802ea73   0x00000079   Data   RO         3270    .rodata.str1.1      146_I2cBusAccess.o
    0x0802eaec   0x0000007c   Data   RO         3324    .rodata.str1.1      150_PressurePwmTask.o
    0x0802eb68   0x0000007d   Data   RO         3416    .rodata.str1.1      153_UartTransmitTask.o
    0x0802ebe5   0x00000093   Data   RO         3660    .rodata.str1.1      libcppabi_wx.l(cxa_guard.cpp.o)
    0x0802ec78   0x00000003   Data   RO         4515    .rodata.str1.1      libunwind_wx.l(libunwind.cpp.o)
    0x0802ec7b   0x00000001   PAD
    0x0802ec7c   0x00000028   Data   RO         3026    .rodata.str1.4      138_Usermain.o
    0x0802eca4   0x00000020   Data   RO         4893    Region$$Table       anon$$obj.o
    0x0802ecc4   0x00000110   Data   RO         4688    locale$$data        c_w.l(lc_ctype_c.o)
    0x0802edd4   0x0000001c   Data   RO         4691    locale$$data        c_w.l(lc_numeric_c.o)
    0x0802edf0   0x00000004   Data   RO         2686    .init_array         130_IMU.o
    0x0802edf4   0x00000004   Data   RO         2856    .init_array         135_Propeller.o
    0x0802edf8   0x00000004   Data   RO         3027    .init_array         138_Usermain.o
    0x0802edfc   0x00000004   Data   RO         3235    .init_array         145_ControlLoopTask.o
    0x0802ee00   0x00000004   Data   RO         3298    .init_array         148_ImuFusionTask.o
    0x0802ee04   0x00000000   Data   RO         3505    .init_array         c_w.l(init_aeabi.o)
    0x0802ee04   0x00000008   Data   RO         4611    .ARM.exidx          c_w.l(__rtentry4.o)
    0x0802ee0c   0x00000008   Data   RO         2672    .ARM.exidx.text.DMA2_Stream0_IRQHandler  130_IMU.o
    0x0802ee14   0x00000008   Data   RO         2133    .ARM.exidx.text.DMA2_Stream1_IRQHandler  109_stm32f4xx_it.o
    0x0802ee1c   0x00000008   Data   RO         3310    .ARM.exidx.text.HAL_GPIO_EXTI_Callback  149_ImuSampleInterrupts.o
    0x0802ee24   0x00000008   Data   RO          445    .ARM.exidx.text.HAL_GPIO_EXTI_IRQHandler  027_stm32f4xx_hal_gpio.o
    0x0802ee2c   0x00000008   Data   RO         2995    .ARM.exidx.text.HAL_TIM_PeriodElapsedCallback  138_Usermain.o
    0x0802ee34   0x00000008   Data   RO         1101    .ARM.exidx.text.HAL_TIM_TriggerCallback  063_stm32f4xx_hal_tim.o
    0x0802ee3c   0x00000008   Data   RO         2997    .ARM.exidx.text.HAL_UARTEx_RxEventCallback  138_Usermain.o
    0x0802ee44   0x00000008   Data   RO         1330    .ARM.exidx.text.HAL_UART_AbortReceive  065_stm32f4xx_hal_uart.o
    0x0802ee4c   0x00000008   Data   RO         3001    .ARM.exidx.text.HAL_UART_ErrorCallback  138_Usermain.o
    0x0802ee54   0x00000008   Data   RO         1352    .ARM.exidx.text.HAL_UART_IRQHandler  065_stm32f4xx_hal_uart.o
    0x0802ee5c   0x00000008   Data   RO         2999    .ARM.exidx.text.HAL_UART_TxCpltCallback  138_Usermain.o
    0x0802ee64   0x00000008   Data   RO         2091    .ARM.exidx.text.HardFault_Handler  109_stm32f4xx_it.o
    0x0802ee6c   0x00000008   Data   RO         3255    .ARM.exidx.text.LcBus_Begin  146_I2cBusAccess.o
    0x0802ee74   0x00000008   Data   RO         3259    .ARM.exidx.text.LcBus_ErrorCount  146_I2cBusAccess.o
    0x0802ee7c   0x00000008   Data   RO         3267    .ARM.exidx.text.LcBus_MemRead  146_I2cBusAccess.o
    0x0802ee84   0x00000008   Data   RO         3269    .ARM.exidx.text.LcBus_MemWrite  146_I2cBusAccess.o
    0x0802ee8c   0x00000008   Data   RO         3257    .ARM.exidx.text.LcBus_Ok  146_I2cBusAccess.o
    0x0802ee94   0x00000008   Data   RO         3265    .ARM.exidx.text.LcBus_Receive  146_I2cBusAccess.o
    0x0802ee9c   0x00000008   Data   RO         3253    .ARM.exidx.text.LcBus_SetOwner  146_I2cBusAccess.o
    0x0802eea4   0x00000008   Data   RO         3261    .ARM.exidx.text.LcBus_Transmit  146_I2cBusAccess.o
    0x0802eeac   0x00000008   Data   RO         3189    .ARM.exidx.text.LcRuntime_Assert  144_ControllerTaskStartup.o
    0x0802eeb4   0x00000008   Data   RO         3334    .ARM.exidx.text.LcRuntime_ControlTickFromISR  151_TaskInterruptHandlers.o
    0x0802eebc   0x00000008   Data   RO         3336    .ARM.exidx.text.LcRuntime_ImuReadyFromISR  151_TaskInterruptHandlers.o
    0x0802eec4   0x00000008   Data   RO         3369    .ARM.exidx.text.LcRuntime_IsRunning  152_TaskSharedState.o
    0x0802eecc   0x00000008   Data   RO         3342    .ARM.exidx.text.LcRuntime_UartErrorFromISR  151_TaskInterruptHandlers.o
    0x0802eed4   0x00000008   Data   RO         3338    .ARM.exidx.text.LcRuntime_UartRxFromISR  151_TaskInterruptHandlers.o
    0x0802eedc   0x00000008   Data   RO         3340    .ARM.exidx.text.LcRuntime_UartTxFromISR  151_TaskInterruptHandlers.o
    0x0802eee4   0x00000008   Data   RO         1982    .ARM.exidx.text.LcSafetyHardware_Feed  104_iwdg.o
    0x0802eeec   0x00000008   Data   RO         3415    .ARM.exidx.text.LcSerial_Write  153_UartTransmitTask.o
    0x0802eef4   0x00000008   Data   RO         2003    .ARM.exidx.text.LcTime_DelayUs  105_LowerTimebase.o
    0x0802eefc   0x00000008   Data   RO         3227    .ARM.exidx.text._GLOBAL__sub_I_ControlLoopTask.cpp  145_ControlLoopTask.o
    0x0802ef04   0x00000008   Data   RO         2679    .ARM.exidx.text._GLOBAL__sub_I_IMU.cpp  130_IMU.o
    0x0802ef0c   0x00000008   Data   RO         3290    .ARM.exidx.text._GLOBAL__sub_I_ImuFusionTask.cpp  148_ImuFusionTask.o
    0x0802ef14   0x00000008   Data   RO         2822    .ARM.exidx.text._GLOBAL__sub_I_Propeller.cpp  135_Propeller.o
    0x0802ef1c   0x00000008   Data   RO         3010    .ARM.exidx.text._GLOBAL__sub_I_Usermain.cpp  138_Usermain.o
    0x0802ef24   0x00000008   Data   RO         4006    .ARM.exidx.text._Unwind_Complete  libunwind_wx.l(Unwind-EHABI.cpp.o)
    0x0802ef2c   0x00000008   Data   RO         4014    .ARM.exidx.text._Unwind_ForcedUnwind  libunwind_wx.l(Unwind-EHABI.cpp.o)
    0x0802ef34   0x00000008   Data   RO         4012    .ARM.exidx.text._Unwind_GetLanguageSpecificData  libunwind_wx.l(Unwind-EHABI.cpp.o)
    0x0802ef3c   0x00000008   Data   RO         4002    .ARM.exidx.text._Unwind_RaiseException  libunwind_wx.l(Unwind-EHABI.cpp.o)
    0x0802ef44   0x00000008   Data   RO         3988    .ARM.exidx.text._Unwind_VRS_Get  libunwind_wx.l(Unwind-EHABI.cpp.o)
    0x0802ef4c   0x00000008   Data   RO         3986    .ARM.exidx.text._Unwind_VRS_Interpret  libunwind_wx.l(Unwind-EHABI.cpp.o)
    0x0802ef54   0x00000008   Data   RO         3992    .ARM.exidx.text._Unwind_VRS_Pop  libunwind_wx.l(Unwind-EHABI.cpp.o)
    0x0802ef5c   0x00000008   Data   RO         3990    .ARM.exidx.text._Unwind_VRS_Set  libunwind_wx.l(Unwind-EHABI.cpp.o)
    0x0802ef64   0x00000008   Data   RO         2609    .ARM.exidx.text._Z10PCA_Setpwmhjj  128_Extension.o
    0x0802ef6c   0x00000008   Data   RO         3068    .ARM.exidx.text._Z11BMI088_initv  140_BMI088driver.o
    0x0802ef74   0x00000008   Data   RO         2607    .ARM.exidx.text._Z11PCA_Setfreqf  128_Extension.o
    0x0802ef7c   0x00000008   Data   RO         3113    .ARM.exidx.text._Z12ist8310_initv  141_ist8310driver.o
    0x0802ef84   0x00000008   Data   RO         2591    .ARM.exidx.text._Z13PCA_LastMode1v  128_Extension.o
    0x0802ef8c   0x00000008   Data   RO         3175    .ARM.exidx.text._Z13ist8310_RST_Hv  143_ist8310driver_middleware.o
    0x0802ef94   0x00000008   Data   RO         2611    .ARM.exidx.text._Z14PCA_WriteGrouphPKth  128_Extension.o
    0x0802ef9c   0x00000008   Data   RO         2601    .ARM.exidx.text._Z14TCA_SetChannelh  128_Extension.o
    0x0802efa4   0x00000008   Data   RO         2760    .ARM.exidx.text._Z14bsp_flash_readP12flash_data_t  133_Legacy.o
    0x0802efac   0x00000008   Data   RO         3137    .ARM.exidx.text._Z15BMI088_delay_mst  142_BMI088Middleware.o
    0x0802efb4   0x00000008   Data   RO         2553    .ARM.exidx.text._Z15SPI1_DMA_enablejjt  126_bsp_spi.o
    0x0802efbc   0x00000008   Data   RO         3147    .ARM.exidx.text._Z16BMI088_GYRO_NS_Hv  142_BMI088Middleware.o
    0x0802efc4   0x00000008   Data   RO         2595    .ARM.exidx.text._Z16PCA_LastPrescalev  128_Extension.o
    0x0802efcc   0x00000008   Data   RO         3076    .ARM.exidx.text._Z16bmi088_gyro_initv  140_BMI088driver.o
    0x0802efd4   0x00000008   Data   RO         3161    .ARM.exidx.text._Z16ist8310_com_initv  143_ist8310driver_middleware.o
    0x0802efdc   0x00000008   Data   RO         3171    .ARM.exidx.text._Z16ist8310_delay_mst  143_ist8310driver_middleware.o
    0x0802efe4   0x00000008   Data   RO         3131    .ARM.exidx.text._Z17BMI088_TransferOkv  142_BMI088Middleware.o
    0x0802efec   0x00000008   Data   RO         3072    .ARM.exidx.text._Z17bmi088_accel_initv  140_BMI088driver.o
    0x0802eff4   0x00000008   Data   RO         3159    .ARM.exidx.text._Z17ist8310_GPIO_initv  143_ist8310driver_middleware.o
    0x0802effc   0x00000008   Data   RO         3187    .ARM.exidx.text._Z20StartControllerTasksPKP6DevicejP13Propeller_I2CP9Servo_I2CP3LED  144_ControllerTaskStartup.o
    0x0802f004   0x00000008   Data   RO         3086    .ARM.exidx.text._Z21BMI088_gyro_read_overPhPf  140_BMI088driver.o
    0x0802f00c   0x00000008   Data   RO         3074    .ARM.exidx.text._Z21bmi088_gyro_self_testv  140_BMI088driver.o
    0x0802f014   0x00000008   Data   RO         3084    .ARM.exidx.text._Z22BMI088_accel_read_overPhPfS0_  140_BMI088driver.o
    0x0802f01c   0x00000008   Data   RO         3149    .ARM.exidx.text._Z22BMI088_read_write_byteh  142_BMI088Middleware.o
    0x0802f024   0x00000008   Data   RO         3070    .ARM.exidx.text._Z22bmi088_accel_self_testv  140_BMI088driver.o
    0x0802f02c   0x00000008   Data   RO         3129    .ARM.exidx.text._Z25BMI088_ClearTransferErrorv  142_BMI088Middleware.o
    0x0802f034   0x00000008   Data   RO         2599    .ARM.exidx.text._Z26PCA_ConfigurationErrorCodev  128_Extension.o
    0x0802f03c   0x00000008   Data   RO         3163    .ARM.exidx.text._Z27ist8310_IIC_read_single_regh  143_ist8310driver_middleware.o
    0x0802f044   0x00000008   Data   RO         3082    .ARM.exidx.text._Z28BMI088_temperature_read_overPhPf  140_BMI088driver.o
    0x0802f04c   0x00000008   Data   RO         3165    .ARM.exidx.text._Z28ist8310_IIC_write_single_reghh  143_ist8310driver_middleware.o
    0x0802f054   0x00000008   Data   RO         2605    .ARM.exidx.text._Z9PCA_Writehh  128_Extension.o
    0x0802f05c   0x00000008   Data   RO         4004    .ARM.exidx.text._ZL13unwind_phase2P13unw_context_tP12unw_cursor_tP21_Unwind_Control_Blockb  libunwind_wx.l(Unwind-EHABI.cpp.o)
    0x0802f064   0x00000008   Data   RO         4010    .ARM.exidx.text._ZL20unwind_phase2_forcedP13unw_context_tP12unw_cursor_tP21_Unwind_Control_BlockPF19_Unwind_Reason_Codei14_Unwind_ActionPhS4_P15_Unwind_ContextPvESA_  libunwind_wx.l(Unwind-EHABI.cpp.o)
    0x0802f06c   0x00000008   Data   RO         3681    .ARM.exidx.text._ZN10__cxxabiv116__shim_type_infoD2Ev  libcppabi_wx.l(private_typeinfo.cpp.o)
    0x0802f074   0x00000008   Data   RO         3697    .ARM.exidx.text._ZN10__cxxabiv117__class_type_infoD0Ev  libcppabi_wx.l(private_typeinfo.cpp.o)
    0x0802f07c   0x00000008   Data   RO         3598    .ARM.exidx.text._ZN10__cxxabiv121__isOurExceptionClassEPK21_Unwind_Control_Block  libcppabi_wx.l(cxa_exception.cpp.o)
    0x0802f084   0x00000008   Data   RO         4384    .ARM.exidx.text._ZN10__cxxabiv130__aligned_malloc_with_fallbackEj  libcppabi_wx.l(fallback_malloc.cpp.o)
    0x0802f08c   0x00000008   Data   RO         3666    .ARM.exidx.text._ZN10__cxxabiv1L11scan_eh_tabERNS_12_GLOBAL__N_112scan_resultsE14_Unwind_ActionbP21_Unwind_Control_BlockP15_Unwind_Context  libcppabi_wx.l(cxa_personality.cpp.o)
    0x0802f094   0x00000008   Data   RO         3619    .ARM.exidx.text._ZN10__cxxabiv1L12failed_throwEPNS_15__cxa_exceptionE  libcppabi_wx.l(cxa_exception.cpp.o)
    0x0802f09c   0x00000008   Data   RO         3670    .ARM.exidx.text._ZN10__cxxabiv1L13set_registersEP21_Unwind_Control_BlockP15_Unwind_ContextRKNS_12_GLOBAL__N_112scan_resultsE  libcppabi_wx.l(cxa_personality.cpp.o)
    0x0802f0a4   0x00000008   Data   RO         3668    .ARM.exidx.text._ZN10__cxxabiv1L14call_terminateEbP21_Unwind_Control_Block  libcppabi_wx.l(cxa_personality.cpp.o)
    0x0802f0ac   0x00000008   Data   RO         3675    .ARM.exidx.text._ZN10__cxxabiv1L18readEncodedPointerEPPKhhj  libcppabi_wx.l(cxa_personality.cpp.o)
    0x0802f0b4   0x00000008   Data   RO         3626    .ARM.exidx.text._ZN10__cxxabiv1L22__cxa_end_cleanup_implEv  libcppabi_wx.l(cxa_exception.cpp.o)
    0x0802f0bc   0x00000008   Data   RO         3611    .ARM.exidx.text._ZN10__cxxabiv1L22exception_cleanup_funcE19_Unwind_Reason_CodeP21_Unwind_Control_Block  libcppabi_wx.l(cxa_exception.cpp.o)
    0x0802f0c4   0x00000008   Data   RO         3677    .ARM.exidx.text._ZN10__cxxabiv1L24exception_spec_can_catchExPKhhPKNS_16__shim_type_infoEPvP21_Unwind_Control_Blockj  libcppabi_wx.l(cxa_personality.cpp.o)
    0x0802f0cc   0x00000008   Data   RO         2481    .ARM.exidx.text._ZN12KalmanFilter6updateEd  121_Kalman_Filter.o
    0x0802f0d4   0x00000008   Data   RO         4392    .ARM.exidx.text._ZN12_GLOBAL__N_113fallback_freeEPv  libcppabi_wx.l(fallback_malloc.cpp.o)
    0x0802f0dc   0x00000008   Data   RO         3996    .ARM.exidx.text._ZN12_GLOBAL__N_114unwindOneFrameEjP21_Unwind_Control_BlockP15_Unwind_Context  libunwind_wx.l(Unwind-EHABI.cpp.o)
    0x0802f0e4   0x00000008   Data   RO         4386    .ARM.exidx.text._ZN12_GLOBAL__N_115fallback_mallocEj  libcppabi_wx.l(fallback_malloc.cpp.o)
    0x0802f0ec   0x00000008   Data   RO         3263    .ARM.exidx.text._ZN12_GLOBAL__N_17AllowedEP17I2C_HandleTypeDef  146_I2cBusAccess.o
    0x0802f0f4   0x00000008   Data   RO         2809    .ARM.exidx.text._ZN13Propeller_I2C10float_ctrlERKN16lower_controller21LegacyControlFeedbackE  135_Propeller.o
    0x0802f0fc   0x00000008   Data   RO         2793    .ARM.exidx.text._ZN13Propeller_I2C11StopControlEv  135_Propeller.o
    0x0802f104   0x00000008   Data   RO         2801    .ARM.exidx.text._ZN13Propeller_I2C11WriteOutputERKN16lower_controller18ThrusterPwmCommandE  135_Propeller.o
    0x0802f10c   0x00000008   Data   RO         2786    .ARM.exidx.text._ZN13Propeller_I2C12command_testEv  135_Propeller.o
    0x0802f114   0x00000008   Data   RO         2628    .ARM.exidx.text._ZN13Propeller_I2C14SetFusedTargetEPKc  129_FusedControlAdapter.o
    0x0802f11c   0x00000008   Data   RO         2784    .ARM.exidx.text._ZN13Propeller_I2C23command_set_angle_valueEv  135_Propeller.o
    0x0802f124   0x00000008   Data   RO         2804    .ARM.exidx.text._ZN13Propeller_I2C23vertical_PWM_allocationERKN16lower_controller21LegacyControlFeedbackE  135_Propeller.o
    0x0802f12c   0x00000008   Data   RO         2807    .ARM.exidx.text._ZN13Propeller_I2C25horizontal_PWM_allocationERKN16lower_controller21LegacyControlFeedbackE  135_Propeller.o
    0x0802f134   0x00000008   Data   RO         2782    .ARM.exidx.text._ZN13Propeller_I2C27command_set_angle_closeloopEv  135_Propeller.o
    0x0802f13c   0x00000008   Data   RO         2789    .ARM.exidx.text._ZN13Propeller_I2C4InitEv  135_Propeller.o
    0x0802f144   0x00000008   Data   RO         2795    .ARM.exidx.text._ZN13Propeller_I2C6HandleEv  135_Propeller.o
    0x0802f14c   0x00000008   Data   RO         2791    .ARM.exidx.text._ZN13Propeller_I2C7ReceiveEv  135_Propeller.o
    0x0802f154   0x00000008   Data   RO         2818    .ARM.exidx.text._ZN13Propeller_I2C7deg2radEf  135_Propeller.o
    0x0802f15c   0x00000008   Data   RO         3040    .ARM.exidx.text._ZN13Propeller_I2CC2Ev  138_Usermain.o
    0x0802f164   0x00000008   Data   RO         3042    .ARM.exidx.text._ZN13Propeller_I2CD2Ev  138_Usermain.o
    0x0802f16c   0x00000008   Data   RO         2887    .ARM.exidx.text._ZN14PressureSensor10Handle_allEv  136_Sensor.o
    0x0802f174   0x00000008   Data   RO         2875    .ARM.exidx.text._ZN14PressureSensor11Init_singleEi  136_Sensor.o
    0x0802f17c   0x00000008   Data   RO         2907    .ARM.exidx.text._ZN14PressureSensor16Calibrate_singleEi  136_Sensor.o
    0x0802f184   0x00000008   Data   RO         2898    .ARM.exidx.text._ZN14PressureSensor16MS5837_30BA_Crc4Ei  136_Sensor.o
    0x0802f18c   0x00000008   Data   RO         2902    .ARM.exidx.text._ZN14PressureSensor16MS5837_30BA_PROMEi  136_Sensor.o
    0x0802f194   0x00000008   Data   RO         2878    .ARM.exidx.text._ZN14PressureSensor18CalibrateAtStartupEv  136_Sensor.o
    0x0802f19c   0x00000008   Data   RO         2880    .ARM.exidx.text._ZN14PressureSensor19MS5837_30BA_GetDataEi  136_Sensor.o
    0x0802f1a4   0x00000008   Data   RO         2873    .ARM.exidx.text._ZN14PressureSensor4InitEv  136_Sensor.o
    0x0802f1ac   0x00000008   Data   RO         2890    .ARM.exidx.text._ZN14PressureSensor6HandleEv  136_Sensor.o
    0x0802f1b4   0x00000008   Data   RO         2882    .ARM.exidx.text._ZN14PressureSensor7AcquireEv  136_Sensor.o
    0x0802f1bc   0x00000008   Data   RO         2894    .ARM.exidx.text._ZN14PressureSensor7ReceiveEv  136_Sensor.o
    0x0802f1c4   0x00000008   Data   RO         2706    .ARM.exidx.text._ZN16lower_controller10PollImuDmaEj  131_ImuDmaAcquisition.o
    0x0802f1cc   0x00000008   Data   RO         2394    .ARM.exidx.text._ZN16lower_controller11fusion_math15EulerQuaternionEfffPf  117_AttitudeEskf.o
    0x0802f1d4   0x00000008   Data   RO         2410    .ARM.exidx.text._ZN16lower_controller11fusion_math15QuaternionEulerEPKfPf  117_AttitudeEskf.o
    0x0802f1dc   0x00000008   Data   RO         2396    .ARM.exidx.text._ZN16lower_controller11fusion_math16QuaternionMatrixEPKfPA3_f  117_AttitudeEskf.o
    0x0802f1e4   0x00000008   Data   RO         2403    .ARM.exidx.text._ZN16lower_controller11fusion_math24RotationVectorQuaternionEPKfPf  117_AttitudeEskf.o
    0x0802f1ec   0x00000008   Data   RO         2398    .ARM.exidx.text._ZN16lower_controller11fusion_math6RotateEPA3_KfPS1_Pf  117_AttitudeEskf.o
    0x0802f1f4   0x00000008   Data   RO         2438    .ARM.exidx.text._ZN16lower_controller11fusion_math6WrapPiEf  118_FusedController.o
    0x0802f1fc   0x00000008   Data   RO         2360    .ARM.exidx.text._ZN16lower_controller12AttitudeEskf10InitializeEPKfS2_j  117_AttitudeEskf.o
    0x0802f204   0x00000008   Data   RO         2382    .ARM.exidx.text._ZN16lower_controller12AttitudeEskf15ProcessPressureERKNS_19PressureArraySampleE  117_AttitudeEskf.o
    0x0802f20c   0x00000008   Data   RO         2374    .ARM.exidx.text._ZN16lower_controller12AttitudeEskf16CorrectDirectionEPKfS2_fRf  117_AttitudeEskf.o
    0x0802f214   0x00000008   Data   RO         2364    .ARM.exidx.text._ZN16lower_controller12AttitudeEskf16ProcessGyroscopeEPKfj  117_AttitudeEskf.o
    0x0802f21c   0x00000008   Data   RO         2379    .ARM.exidx.text._ZN16lower_controller12AttitudeEskf19ProcessMagnetometerEPKfj  117_AttitudeEskf.o
    0x0802f224   0x00000008   Data   RO         2376    .ARM.exidx.text._ZN16lower_controller12AttitudeEskf20ProcessAccelerometerEPKfj  117_AttitudeEskf.o
    0x0802f22c   0x00000008   Data   RO         2371    .ARM.exidx.text._ZN16lower_controller12AttitudeEskf7CorrectEPKfPA6_S1_S2_jRf  117_AttitudeEskf.o
    0x0802f234   0x00000008   Data   RO         2362    .ARM.exidx.text._ZN16lower_controller12AttitudeEskf9AdvanceToEj  117_AttitudeEskf.o
    0x0802f23c   0x00000008   Data   RO         2355    .ARM.exidx.text._ZN16lower_controller12AttitudeEskfC2ERKNS_19FusionConfigurationE  117_AttitudeEskf.o
    0x0802f244   0x00000008   Data   RO         2700    .ARM.exidx.text._ZN16lower_controller12ImuDataReadyENS_10SensorKindEj  131_ImuDmaAcquisition.o
    0x0802f24c   0x00000008   Data   RO         3247    .ARM.exidx.text._ZN16lower_controller12IsArmCommandEPKcj  145_ControlLoopTask.o
    0x0802f254   0x00000008   Data   RO         2417    .ARM.exidx.text._ZN16lower_controller12_GLOBAL__N_128BuildControllerConfigurationEv  118_FusedController.o
    0x0802f25c   0x00000008   Data   RO         2702    .ARM.exidx.text._ZN16lower_controller12_GLOBAL__N_17ServiceEjb  131_ImuDmaAcquisition.o
    0x0802f264   0x00000008   Data   RO         2726    .ARM.exidx.text._ZN16lower_controller13ImuDmaArbiter5BeginEjRNS_12RawImuPacketE  131_ImuDmaAcquisition.o
    0x0802f26c   0x00000008   Data   RO         2469    .ARM.exidx.text._ZN16lower_controller14FusionTimeline12ProcessReadyEjj  120_FusionTimeline.o
    0x0802f274   0x00000008   Data   RO         2467    .ARM.exidx.text._ZN16lower_controller14FusionTimeline4PushERKNS_17FusionObservationE  120_FusionTimeline.o
    0x0802f27c   0x00000008   Data   RO         2465    .ARM.exidx.text._ZN16lower_controller14FusionTimelineC2ERKNS_19FusionConfigurationE  120_FusionTimeline.o
    0x0802f284   0x00000008   Data   RO         2425    .ARM.exidx.text._ZN16lower_controller15FusedController4StepERKNS_10SiPidGainsERNS0_9PidMemoryEffb  118_FusedController.o
    0x0802f28c   0x00000008   Data   RO         2704    .ARM.exidx.text._ZN16lower_controller15ImuDmaInterruptEv  131_ImuDmaAcquisition.o
    0x0802f294   0x00000008   Data   RO         2421    .ARM.exidx.text._ZN16lower_controller16FusedStateUsableERKNS_11FusionStateEjb  118_FusedController.o
    0x0802f29c   0x00000008   Data   RO         3245    .ARM.exidx.text._ZN16lower_controller18ValidLegacyCommandEPKc  145_ControlLoopTask.o
    0x0802f2a4   0x00000008   Data   RO         3250    .ARM.exidx.text._ZN16lower_controller19FormatVofaTelemetryEPcjRKNS_11FusionStateEbRKNS_19PressureArraySampleEPKfbjbbbbjt  145_ControlLoopTask.o
    0x0802f2ac   0x00000008   Data   RO         2708    .ARM.exidx.text._ZN16lower_controller20MagnetometerSequenceEv  131_ImuDmaAcquisition.o
    0x0802f2b4   0x00000008   Data   RO         2441    .ARM.exidx.text._ZN16lower_controller22GetFusionConfigurationEv  119_FusionConfiguration.o
    0x0802f2bc   0x00000008   Data   RO         2696    .ARM.exidx.text._ZN16lower_controller22StartImuDmaAcquisitionEPFbRKNS_12RawImuPacketEbE  131_ImuDmaAcquisition.o
    0x0802f2c4   0x00000008   Data   RO         2450    .ARM.exidx.text._ZN16lower_controller24FusionConfigurationReadyERKNS_19FusionConfigurationE  119_FusionConfiguration.o
    0x0802f2cc   0x00000008   Data   RO         2444    .ARM.exidx.text._ZN16lower_controller25SetStartupSurfacePressureEPKf  119_FusionConfiguration.o
    0x0802f2d4   0x00000008   Data   RO         2446    .ARM.exidx.text._ZN16lower_controller27ValidateFusionConfigurationERKNS_19FusionConfigurationE  119_FusionConfiguration.o
    0x0802f2dc   0x00000008   Data   RO         2414    .ARM.exidx.text._ZN16lower_controller28GetFusedControlConfigurationEv  118_FusedController.o
    0x0802f2e4   0x00000008   Data   RO         2710    .ARM.exidx.text._ZN16lower_controller29ReadImuAcquisitionDiagnosticsEv  131_ImuDmaAcquisition.o
    0x0802f2ec   0x00000008   Data   RO         2419    .ARM.exidx.text._ZN16lower_controller30FusedControlConfigurationReadyERKNS_25FusedControlConfigurationE  118_FusedController.o
    0x0802f2f4   0x00000008   Data   RO         3288    .ARM.exidx.text._ZN16lower_controller5tasks13ImuFusionTaskEPv  148_ImuFusionTask.o
    0x0802f2fc   0x00000008   Data   RO         3355    .ARM.exidx.text._ZN16lower_controller5tasks13ReadStopEpochEv  152_TaskSharedState.o
    0x0802f304   0x00000008   Data   RO         3225    .ARM.exidx.text._ZN16lower_controller5tasks15ControlLoopTaskEPv  145_ControlLoopTask.o
    0x0802f30c   0x00000008   Data   RO         3357    .ARM.exidx.text._ZN16lower_controller5tasks15LatchOutputStopEj  152_TaskSharedState.o
    0x0802f314   0x00000008   Data   RO         3322    .ARM.exidx.text._ZN16lower_controller5tasks15PressurePwmTaskEPv  150_PressurePwmTask.o
    0x0802f31c   0x00000008   Data   RO         3308    .ARM.exidx.text._ZN16lower_controller5tasks16PublishImuPacketERKNS_12RawImuPacketEb  149_ImuSampleInterrupts.o
    0x0802f324   0x00000008   Data   RO         3359    .ARM.exidx.text._ZN16lower_controller5tasks16TryEnableOutputsEj  152_TaskSharedState.o
    0x0802f32c   0x00000008   Data   RO         3413    .ARM.exidx.text._ZN16lower_controller5tasks16UartTransmitTaskEPv  153_UartTransmitTask.o
    0x0802f334   0x00000008   Data   RO         3361    .ARM.exidx.text._ZN16lower_controller5tasks17SafetyStopFromISRENS0_10StopReasonEb  152_TaskSharedState.o
    0x0802f33c   0x00000008   Data   RO         3365    .ARM.exidx.text._ZN16lower_controller5tasks19CheckCommandTimeoutEj  152_TaskSharedState.o
    0x0802f344   0x00000008   Data   RO         3367    .ARM.exidx.text._ZN16lower_controller5tasks21ControlCycleCompletedEj  152_TaskSharedState.o
    0x0802f34c   0x00000008   Data   RO         3219    .ARM.exidx.text._ZN16lower_controller5tasks24DispatchReceivedCommandsERbRj  145_ControlLoopTask.o
    0x0802f354   0x00000008   Data   RO         3353    .ARM.exidx.text._ZN16lower_controller5tasks24ReadLatestControlReleaseEv  152_TaskSharedState.o
    0x0802f35c   0x00000008   Data   RO         3320    .ARM.exidx.text._ZN16lower_controller5tasks25ProcessPressurePwmRequestERKNS_18PressurePwmRequestERNS0_19PressurePublicationE  150_PressurePwmTask.o
    0x0802f364   0x00000008   Data   RO         3363    .ARM.exidx.text._ZN16lower_controller5tasks9FatalStopENS0_10StopReasonE  152_TaskSharedState.o
    0x0802f36c   0x00000008   Data   RO         3045    .ARM.exidx.text._ZN21Propeller_Parameter_tC2Ev  138_Usermain.o
    0x0802f374   0x00000008   Data   RO         2652    .ARM.exidx.text._ZN3IMU13DMA_IT_HandleEv  130_IMU.o
    0x0802f37c   0x00000008   Data   RO         2659    .ARM.exidx.text._ZN3IMU16imu_temp_controlEf  130_IMU.o
    0x0802f384   0x00000008   Data   RO         2650    .ARM.exidx.text._ZN3IMU16trigger_temp_dmaEv  130_IMU.o
    0x0802f38c   0x00000008   Data   RO         2638    .ARM.exidx.text._ZN3IMU4InitEv  130_IMU.o
    0x0802f394   0x00000008   Data   RO         2642    .ARM.exidx.text._ZN3IMU6HandleEv  130_IMU.o
    0x0802f39c   0x00000008   Data   RO         2646    .ARM.exidx.text._ZN3IMU7ReceiveEv  130_IMU.o
    0x0802f3a4   0x00000008   Data   RO         2736    .ARM.exidx.text._ZN3LED15aRGB_led_changeEj  132_LED.o
    0x0802f3ac   0x00000008   Data   RO         2729    .ARM.exidx.text._ZN3LED4InitEv  132_LED.o
    0x0802f3b4   0x00000008   Data   RO         2733    .ARM.exidx.text._ZN3LED6HandleEv  132_LED.o
    0x0802f3bc   0x00000008   Data   RO         2731    .ARM.exidx.text._ZN3LED7ReceiveEv  132_LED.o
    0x0802f3c4   0x00000008   Data   RO         2565    .ARM.exidx.text._ZN6Buzzer11StartupBeepEv  127_Buzzer.o
    0x0802f3cc   0x00000008   Data   RO         2563    .ARM.exidx.text._ZN6Buzzer4InitEv  127_Buzzer.o
    0x0802f3d4   0x00000008   Data   RO         2574    .ARM.exidx.text._ZN6Buzzer6HandleEv  127_Buzzer.o
    0x0802f3dc   0x00000008   Data   RO         2571    .ARM.exidx.text._ZN6Buzzer7ReceiveEv  127_Buzzer.o
    0x0802f3e4   0x00000008   Data   RO         2971    .ARM.exidx.text._ZN9Servo_I2C11WriteOutputERKN16lower_controller15ServoPwmCommandE  137_Servo.o
    0x0802f3ec   0x00000008   Data   RO         2964    .ARM.exidx.text._ZN9Servo_I2C12data_extractEPhPii  137_Servo.o
    0x0802f3f4   0x00000008   Data   RO         2956    .ARM.exidx.text._ZN9Servo_I2C4InitEv  137_Servo.o
    0x0802f3fc   0x00000008   Data   RO         2968    .ARM.exidx.text._ZN9Servo_I2C6HandleEv  137_Servo.o
    0x0802f404   0x00000008   Data   RO         2962    .ARM.exidx.text._ZN9Servo_I2C7ReceiveEv  137_Servo.o
    0x0802f40c   0x00000008   Data   RO         4548    .ARM.exidx.text._ZN9libunwind12UnwindCursorINS_17LocalAddressSpaceENS_13Registers_armEE10saveVFPAsXEv  libunwind_wx.l(libunwind.cpp.o)
    0x0802f414   0x00000008   Data   RO         4530    .ARM.exidx.text._ZN9libunwind12UnwindCursorINS_17LocalAddressSpaceENS_13Registers_armEE11getFloatRegEi  libunwind_wx.l(libunwind.cpp.o)
    0x0802f41c   0x00000008   Data   RO         4532    .ARM.exidx.text._ZN9libunwind12UnwindCursorINS_17LocalAddressSpaceENS_13Registers_armEE11setFloatRegEiy  libunwind_wx.l(libunwind.cpp.o)
    0x0802f424   0x00000008   Data   RO         4540    .ARM.exidx.text._ZN9libunwind12UnwindCursorINS_17LocalAddressSpaceENS_13Registers_armEE13isSignalFrameEv  libunwind_wx.l(libunwind.cpp.o)
    0x0802f42c   0x00000008   Data   RO         4550    .ARM.exidx.text._ZN9libunwind12UnwindCursorINS_17LocalAddressSpaceENS_13Registers_armEE13stepWithEHABIEv  libunwind_wx.l(libunwind.cpp.o)
    0x0802f434   0x00000008   Data   RO         4528    .ARM.exidx.text._ZN9libunwind12UnwindCursorINS_17LocalAddressSpaceENS_13Registers_armEE13validFloatRegEi  libunwind_wx.l(libunwind.cpp.o)
    0x0802f43c   0x00000008   Data   RO         4542    .ARM.exidx.text._ZN9libunwind12UnwindCursorINS_17LocalAddressSpaceENS_13Registers_armEE15getFunctionNameEPcjPj  libunwind_wx.l(libunwind.cpp.o)
    0x0802f444   0x00000008   Data   RO         4546    .ARM.exidx.text._ZN9libunwind12UnwindCursorINS_17LocalAddressSpaceENS_13Registers_armEE15getRegisterNameEi  libunwind_wx.l(libunwind.cpp.o)
    0x0802f44c   0x00000008   Data   RO         4554    .ARM.exidx.text._ZN9libunwind12UnwindCursorINS_17LocalAddressSpaceENS_13Registers_armEE23getInfoFromEHABISectionEjRKNS_18UnwindInfoSectionsE  libunwind_wx.l(libunwind.cpp.o)
    0x0802f454   0x00000008   Data   RO         4544    .ARM.exidx.text._ZN9libunwind12UnwindCursorINS_17LocalAddressSpaceENS_13Registers_armEE24setInfoBasedOnIPRegisterEb  libunwind_wx.l(libunwind.cpp.o)
    0x0802f45c   0x00000008   Data   RO         4534    .ARM.exidx.text._ZN9libunwind12UnwindCursorINS_17LocalAddressSpaceENS_13Registers_armEE4stepEb  libunwind_wx.l(libunwind.cpp.o)
    0x0802f464   0x00000008   Data   RO         4524    .ARM.exidx.text._ZN9libunwind12UnwindCursorINS_17LocalAddressSpaceENS_13Registers_armEE6getRegEi  libunwind_wx.l(libunwind.cpp.o)
    0x0802f46c   0x00000008   Data   RO         4538    .ARM.exidx.text._ZN9libunwind12UnwindCursorINS_17LocalAddressSpaceENS_13Registers_armEE6jumptoEv  libunwind_wx.l(libunwind.cpp.o)
    0x0802f474   0x00000008   Data   RO         4526    .ARM.exidx.text._ZN9libunwind12UnwindCursorINS_17LocalAddressSpaceENS_13Registers_armEE6setRegEij  libunwind_wx.l(libunwind.cpp.o)
    0x0802f47c   0x00000008   Data   RO         4536    .ARM.exidx.text._ZN9libunwind12UnwindCursorINS_17LocalAddressSpaceENS_13Registers_armEE7getInfoEP15unw_proc_info_t  libunwind_wx.l(libunwind.cpp.o)
    0x0802f484   0x00000008   Data   RO         4522    .ARM.exidx.text._ZN9libunwind12UnwindCursorINS_17LocalAddressSpaceENS_13Registers_armEE8validRegEi  libunwind_wx.l(libunwind.cpp.o)
    0x0802f48c   0x00000008   Data   RO         4552    .ARM.exidx.text._ZN9libunwind13Registers_arm26restoreSavedFloatRegistersEv  libunwind_wx.l(libunwind.cpp.o)
    0x0802f494   0x00000008   Data   RO         4518    .ARM.exidx.text._ZN9libunwind20AbstractUnwindCursorD2Ev  libunwind_wx.l(libunwind.cpp.o)
    0x0802f49c   0x00000008   Data   RO         3759    .ARM.exidx.text._ZNK10__cxxabiv117__class_type_info16search_above_dstEPNS_19__dynamic_cast_infoEPKvS4_ib  libcppabi_wx.l(private_typeinfo.cpp.o)
    0x0802f4a4   0x00000008   Data   RO         3753    .ARM.exidx.text._ZNK10__cxxabiv117__class_type_info16search_below_dstEPNS_19__dynamic_cast_infoEPKvib  libcppabi_wx.l(private_typeinfo.cpp.o)
    0x0802f4ac   0x00000008   Data   RO         3721    .ARM.exidx.text._ZNK10__cxxabiv117__class_type_info24process_found_base_classEPNS_19__dynamic_cast_infoEPvi  libcppabi_wx.l(private_typeinfo.cpp.o)
    0x0802f4b4   0x00000008   Data   RO         3717    .ARM.exidx.text._ZNK10__cxxabiv117__class_type_info9can_catchEPKNS_16__shim_type_infoERPv  libcppabi_wx.l(private_typeinfo.cpp.o)
    0x0802f4bc   0x00000008   Data   RO         3757    .ARM.exidx.text._ZNK10__cxxabiv120__si_class_type_info16search_above_dstEPNS_19__dynamic_cast_infoEPKvS4_ib  libcppabi_wx.l(private_typeinfo.cpp.o)
    0x0802f4c4   0x00000008   Data   RO         3751    .ARM.exidx.text._ZNK10__cxxabiv120__si_class_type_info16search_below_dstEPNS_19__dynamic_cast_infoEPKvib  libcppabi_wx.l(private_typeinfo.cpp.o)
    0x0802f4cc   0x00000008   Data   RO         3725    .ARM.exidx.text._ZNK10__cxxabiv120__si_class_type_info27has_unambiguous_public_baseEPNS_19__dynamic_cast_infoEPvi  libcppabi_wx.l(private_typeinfo.cpp.o)
    0x0802f4d4   0x00000008   Data   RO         2625    .ARM.exidx.text._ZNK13Propeller_I2C24BuildFusedControlRequestEv  129_FusedControlAdapter.o
    0x0802f4dc   0x00000008   Data   RO         2385    .ARM.exidx.text._ZNK16lower_controller12AttitudeEskf5StateEj  117_AttitudeEskf.o
    0x0802f4e4   0x00000008   Data   RO         2471    .ARM.exidx.text._ZNK16lower_controller14FusionTimeline11DiagnosticsEv  120_FusionTimeline.o
    0x0802f4ec   0x00000008   Data   RO         2973    .ARM.exidx.text._ZNK9Servo_I2C11BuildOutputEv  137_Servo.o
    0x0802f4f4   0x00000008   Data   RO         3956    .ARM.exidx.text._ZNKSt13bad_exception4whatEv  libcppabi_wx.l(stdlib_exception.cpp.o)
    0x0802f4fc   0x00000008   Data   RO         4338    .ARM.exidx.text._ZNSt13runtime_errorC2EPKc  libcpp_wx.l(stdexcept.cpp.o)
    0x0802f504   0x00000008   Data   RO         4408    .ARM.exidx.text._ZNSt13runtime_errorD0Ev  libcppabi_wx.l(stdlib_stdexcept.cpp.o)
    0x0802f50c   0x00000008   Data   RO         4406    .ARM.exidx.text._ZNSt13runtime_errorD2Ev  libcppabi_wx.l(stdlib_stdexcept.cpp.o)
    0x0802f514   0x00000008   Data   RO         3548    .ARM.exidx.text._ZNSt14overflow_errorC2B8ne200000EPKc  libcpp_wx.l(hash.cpp.o)
    0x0802f51c   0x00000008   Data   RO         3964    .ARM.exidx.text._ZNSt20bad_array_new_lengthC2Ev  libcppabi_wx.l(stdlib_exception.cpp.o)
    0x0802f524   0x00000008   Data   RO         2870    .ARM.exidx.text._ZNSt3__212__hash_tableINS_17__hash_value_typeIc12Motion_StateEENS_22__unordered_map_hasherIcS3_NS_4hashIcEENS_8equal_toIcEELb1EEENS_21__unordered_map_equalIcS3_S8_S6_Lb1EEENS_9allocatorIS3_EEE11__do_rehashILb1EEEvj  135_Propeller.o
    0x0802f52c   0x00000008   Data   RO         2866    .ARM.exidx.text._ZNSt3__212__hash_tableINS_17__hash_value_typeIc12Motion_StateEENS_22__unordered_map_hasherIcS3_NS_4hashIcEENS_8equal_toIcEELb1EEENS_21__unordered_map_equalIcS3_S8_S6_Lb1EEENS_9allocatorIS3_EEE25__emplace_unique_key_argsIcJRKNS_21piecewise_construct_tENS_5tupleIJOcEEENSJ_IJEEEEEENS_4pairINS_15__hash_iteratorIPNS_11__hash_nodeIS3_PvEEEEbEERKT_DpOT0_  135_Propeller.o
    0x0802f534   0x00000008   Data   RO         3540    .ARM.exidx.text._ZNSt3__212__next_primeEj  libcpp_wx.l(hash.cpp.o)
    0x0802f53c   0x00000008   Data   RO         3047    .ARM.exidx.text._ZNSt3__213unordered_mapIc12Motion_StateNS_4hashIcEENS_8equal_toIcEENS_9allocatorINS_4pairIKcS1_EEEEED2B8ne200000Ev  138_Usermain.o
    0x0802f544   0x00000008   Data   RO         3546    .ARM.exidx.text._ZNSt3__222__throw_overflow_errorB8ne200000EPKc  libcpp_wx.l(hash.cpp.o)
    0x0802f54c   0x00000008   Data   RO         3958    .ARM.exidx.text._ZNSt9bad_allocC2Ev  libcppabi_wx.l(stdlib_exception.cpp.o)
    0x0802f554   0x00000008   Data   RO         4372    .ARM.exidx.text._ZSt11__terminatePFvvE  libcppabi_wx.l(cxa_handlers.cpp.o)
    0x0802f55c   0x00000008   Data   RO         4365    .ARM.exidx.text._ZSt12__unexpectedPFvvE  libcppabi_wx.l(cxa_handlers.cpp.o)
    0x0802f564   0x00000008   Data   RO         4369    .ARM.exidx.text._ZSt13get_terminatev  libcppabi_wx.l(cxa_handlers.cpp.o)
    0x0802f56c   0x00000008   Data   RO         2868    .ARM.exidx.text._ZSt28__throw_bad_array_new_lengthB8ne200000v  135_Propeller.o
    0x0802f574   0x00000008   Data   RO         4363    .ARM.exidx.text._ZSt9terminatev  libcppabi_wx.l(cxa_handlers.cpp.o)
    0x0802f57c   0x00000008   Data   RO         3559    .ARM.exidx.text._ZdlPv  libcpp_wx.l(new.cpp.o)
    0x0802f584   0x00000008   Data   RO         3590    .ARM.exidx.text.__clang_call_terminate  libcpp_wx.l(new.cpp.o)
    0x0802f58c   0x00000008   Data   RO         3601    .ARM.exidx.text.__cxa_allocate_exception  libcppabi_wx.l(cxa_exception.cpp.o)
    0x0802f594   0x00000008   Data   RO         3604    .ARM.exidx.text.__cxa_begin_catch  libcppabi_wx.l(cxa_exception.cpp.o)
    0x0802f59c   0x00000008   Data   RO         3624    .ARM.exidx.text.__cxa_begin_cleanup  libcppabi_wx.l(cxa_exception.cpp.o)
    0x0802f5a4   0x00000008   Data   RO         3673    .ARM.exidx.text.__cxa_call_unexpected  libcppabi_wx.l(cxa_personality.cpp.o)
    0x0802f5ac   0x00000008   Data   RO         3631    .ARM.exidx.text.__cxa_decrement_exception_refcount  libcppabi_wx.l(cxa_exception.cpp.o)
    0x0802f5b4   0x00000008   Data   RO         3628    .ARM.exidx.text.__cxa_end_catch  libcppabi_wx.l(cxa_exception.cpp.o)
    0x0802f5bc   0x00000008   Data   RO         3607    .ARM.exidx.text.__cxa_free_exception  libcppabi_wx.l(cxa_exception.cpp.o)
    0x0802f5c4   0x00000008   Data   RO         4353    .ARM.exidx.text.__cxa_get_globals  libcppabi_wx.l(cxa_exception_storage.cpp.o)
    0x0802f5cc   0x00000008   Data   RO         3609    .ARM.exidx.text.__cxa_init_primary_exception  libcppabi_wx.l(cxa_exception.cpp.o)
    0x0802f5d4   0x00000008   Data   RO         3637    .ARM.exidx.text.__cxa_rethrow  libcppabi_wx.l(cxa_exception.cpp.o)
    0x0802f5dc   0x00000008   Data   RO         3719    .ARM.exidx.text.__dynamic_cast  libcppabi_wx.l(private_typeinfo.cpp.o)
    0x0802f5e4   0x00000008   Data   RO         4020    .ARM.exidx.text.__gnu_unwind_frame  libunwind_wx.l(Unwind-EHABI.cpp.o)
    0x0802f5ec   0x00000008   Data   RO         3664    .ARM.exidx.text.__gxx_personality_v0  libcppabi_wx.l(cxa_personality.cpp.o)
    0x0802f5f4   0x00000008   Data   RO         4492    .ARM.exidx.text.__unw_get_fpreg  libunwind_wx.l(libunwind.cpp.o)
    0x0802f5fc   0x00000008   Data   RO         4500    .ARM.exidx.text.__unw_get_proc_info  libunwind_wx.l(libunwind.cpp.o)
    0x0802f604   0x00000008   Data   RO         4488    .ARM.exidx.text.__unw_get_reg  libunwind_wx.l(libunwind.cpp.o)
    0x0802f60c   0x00000008   Data   RO         4486    .ARM.exidx.text.__unw_init_local  libunwind_wx.l(libunwind.cpp.o)
    0x0802f614   0x00000008   Data   RO         4502    .ARM.exidx.text.__unw_resume  libunwind_wx.l(libunwind.cpp.o)
    0x0802f61c   0x00000008   Data   RO         4512    .ARM.exidx.text.__unw_save_vfp_as_X  libunwind_wx.l(libunwind.cpp.o)
    0x0802f624   0x00000008   Data   RO         4494    .ARM.exidx.text.__unw_set_fpreg  libunwind_wx.l(libunwind.cpp.o)
    0x0802f62c   0x00000008   Data   RO         4490    .ARM.exidx.text.__unw_set_reg  libunwind_wx.l(libunwind.cpp.o)
    0x0802f634   0x00000008   Data   RO         4496    .ARM.exidx.text.__unw_step  libunwind_wx.l(libunwind.cpp.o)
    0x0802f63c   0x00000008   Data   RO         2034    .ARM.exidx.text._sys_exit  106_main.o
    0x0802f644   0x00000008   Data   RO         3984    .ARM.exidx.text.decode_eht_entry  libunwind_wx.l(Unwind-EHABI.cpp.o)
    0x0802f64c   0x00000008   Data   RO         3003    .ARM.exidx.text.main  138_Usermain.o
    0x0802f654   0x00000008   Data   RO         1805    .ARM.exidx.text.prvAddCurrentTaskToDelayedList  098_tasks.o
    0x0802f65c   0x00000008   Data   RO         4008    .ARM.exidx.text.unlikely._Unwind_Resume  libunwind_wx.l(Unwind-EHABI.cpp.o)
    0x0802f664   0x00000008   Data   RO         4319    .ARM.exidx.text.unlikely._ZSt17__throw_bad_allocv  libcpp_wx.l(new_helpers.cpp.o)
    0x0802f66c   0x00000008   Data   RO         3657    .ARM.exidx.text.unlikely.__cxa_guard_release  libcppabi_wx.l(cxa_guard.cpp.o)
    0x0802f674   0x00000008   Data   RO         4349    .ARM.exidx.text.unlikely.abort_message  libcppabi_wx.l(abort_message.cpp.o)
    0x0802f67c   0x00000008   Data   RO         1701    .ARM.exidx.text.uxListRemove  095_list.o
    0x0802f684   0x00000008   Data   RO         3193    .ARM.exidx.text.vApplicationStackOverflowHook  144_ControllerTaskStartup.o
    0x0802f68c   0x00000008   Data   RO         1693    .ARM.exidx.text.vListInitialise  095_list.o
    0x0802f694   0x00000020   Data   RO         3551    .ARM.exidx__lcxx_override  libcpp_wx.l(new.cpp.o)


    Execution Region RW_IRAM1 (Base: 0x20000000, Size: 0x0000e7f8, Max: 0x00020000, ABSOLUTE, COMPRESSED[0x00000160])

    Base Addr    Size         Type   Attr      Idx    E Section Name        Object

    0x20000000   0x00000004   Data   RW         3480    .data               c_w.l(strtok.o)
    0x20000004   0x00000004   Data   RW         4696    .data               c_w.l(cxa_finalize.o)
    0x20000008   0x00000004   Data   RW         4699    .data               c_w.l(atexit_init.o)
    0x2000000c   0x00000004   Data   RW         3099    .data.BMI088_ACCEL_SEN  140_BMI088driver.o
    0x20000010   0x00000004   Data   RW         3100    .data.BMI088_GYRO_SEN  140_BMI088driver.o
    0x20000014   0x00000020   Data   RW         2827    .data.Compensation  135_Propeller.o
    0x20000034   0x0000001c   Data   RW         2340    .data.FS_Desc       116_usbd_desc.o
    0x20000050   0x00000010   Data   RW         2974    .data.ID_V30        137_Servo.o
    0x20000060   0x00000010   Data   RW         2975    .data.ID_V31        137_Servo.o
    0x20000070   0x00000010   Data   RW         2976    .data.ID_V32        137_Servo.o
    0x20000080   0x00000010   Data   RW         2977    .data.ID_V33        137_Servo.o
    0x20000090   0x00000010   Data   RW         2978    .data.ID_V40        137_Servo.o
    0x200000a0   0x00000004   Data   RW         2824    .data.InID          135_Propeller.o
    0x200000a4   0x00000004   Data   RW         2826    .data.InitPWM       135_Propeller.o
    0x200000a8   0x00000004   Data   RW         2825    .data.OutID         135_Propeller.o
    0x200000ac   0x00000004   PAD
    0x200000b0   0x00000080   Data   RW         2931    .data.Pressure_Kf   136_Sensor.o
    0x20000130   0x00000001   Data   RW         3011    .data.Robot_Version  138_Usermain.o
    0x20000131   0x00000007   PAD
    0x20000138   0x00000008   Data   RW         2823    .data.Sign          135_Propeller.o
    0x20000140   0x00000004   Data   RW         2153    .data.SystemCoreClock  110_system_stm32f4xx.o
    0x20000144   0x00000038   Data   RW         1582    .data.USBD_CDC      091_usbd_cdc.o
    0x2000017c   0x00000043   Data   RW         1584    .data.USBD_CDC_CfgDesc  091_usbd_cdc.o
    0x200001bf   0x00000001   PAD
    0x200001c0   0x0000000a   Data   RW         1583    .data.USBD_CDC_DeviceQualifierDesc  091_usbd_cdc.o
    0x200001ca   0x00000002   PAD
    0x200001cc   0x00000012   Data   RW         2341    .data.USBD_FS_DeviceDesc  116_usbd_desc.o
    0x200001de   0x00000002   PAD
    0x200001e0   0x00000014   Data   RW         2243    .data.USBD_Interface_fops_FS  114_usbd_cdc_if.o
    0x200001f4   0x00000004   Data   RW         2342    .data.USBD_LangIDDesc  116_usbd_desc.o
    0x200001f8   0x0000001a   Data   RW         2343    .data.USBD_StringSerial  116_usbd_desc.o
    0x20000212   0x00000002   PAD
    0x20000214   0x00000014   Data   RW         3025    .data._ZL6device    138_Usermain.o
    0x20000228   0x00000030   Data   RW         2851    .data._ZN13Propeller_I2C17propeller_commandE  135_Propeller.o
    0x20000258   0x000002b0   Data   RW         2930    .data._ZN14PressureSensor15pressure_sensorE  136_Sensor.o
    0x20000508   0x00000004   Data   RW         3394    .data._ZN16lower_controller5tasks10stop_epochE  152_TaskSharedState.o
    0x2000050c   0x00000001   Data   RW         3231    .data._ZN16lower_controller5tasks12_GLOBAL__N_112vofa_loggingE  145_ControlLoopTask.o
    0x2000050d   0x00000003   PAD
    0x20000510   0x00000004   Data   RW         3393    .data._ZN16lower_controller5tasks15outputs_stoppedE  152_TaskSharedState.o
    0x20000514   0x000002b8   Data   RW         3048    .data._ZZN12UARTBaseLiteILh1EE11GetInstanceEvE8instance  138_Usermain.o
    0x200007cc   0x00000001   Data   RW         2934    .data._ZZN14PressureSensor10Handle_allEvE11command_tmp  136_Sensor.o
    0x200007cd   0x00000001   Data   RW         2935    .data._ZZN14PressureSensor10Handle_allEvE12command_pres  136_Sensor.o
    0x200007ce   0x00000002   PAD
    0x200007d0   0x00000004   Data   RW         3229    .data._ZZN16lower_controller5tasks24DispatchReceivedCommandsERbRjE16dispatched_epoch  145_ControlLoopTask.o
    0x200007d4   0x00000004   Data   RW         4732    .data.__cxa_terminate_handler  libcppabi_wx.l(cxa_default_handlers.cpp.o)
    0x200007d8   0x00000004   Data   RW         4733    .data.__cxa_unexpected_handler  libcppabi_wx.l(cxa_default_handlers.cpp.o)
    0x200007dc   0x00000001   Data   RW         2830    .data.lateral_speed  135_Propeller.o
    0x200007dd   0x00000001   Data   RW         2829    .data.longitudinal_speed  135_Propeller.o
    0x200007de   0x00000001   Data   RW         2831    .data.rotate_speed  135_Propeller.o
    0x200007df   0x00000001   Data   RW           57    .data.uwTickFreq    000_stm32f4xx_hal.o
    0x200007e0   0x00000004   Data   RW           56    .data.uwTickPrio    000_stm32f4xx_hal.o
    0x200007e4   0x00000004   Data   RW         1739    .data.uxCriticalNesting  096_port.o
    0x200007e8   0x00000060   Zero   RW         4593    .bss                c_w.l(libspace.o)
    0x20000848   0x00000010   Zero   RW         2838    .bss.AntiClockwisePWM  135_Propeller.o
    0x20000858   0x00000010   Zero   RW         2834    .bss.BackPWM        135_Propeller.o
    0x20000868   0x00000010   Zero   RW         2837    .bss.ClockwisePWM   135_Propeller.o
    0x20000878   0x00000048   Zero   RW         2839    .bss.DepthPID       135_Propeller.o
    0x200008c0   0x00000010   Zero   RW         2828    .bss.FloatPWM       135_Propeller.o
    0x200008d0   0x00000010   Zero   RW         2833    .bss.FrontPWM       135_Propeller.o
    0x200008e0   0x00000004   Zero   RW         1928    .bss.HAL_RCC_CAN1_CLK_ENABLED  100_can.o
    0x200008e4   0x00000010   Zero   RW         2835    .bss.LeftPWM        135_Propeller.o
    0x200008f4   0x00000004   PAD
    0x200008f8   0x00000384   Zero   RW         2849    .bss.Parameter_V33  135_Propeller.o
    0x20000c7c   0x00000048   Zero   RW         2847    .bss.PitchInPID     135_Propeller.o
    0x20000cc4   0x00000048   Zero   RW         2848    .bss.PitchOutPID    135_Propeller.o
    0x20000d0c   0x00000048   Zero   RW         2840    .bss.PitchPID       135_Propeller.o
    0x20000d54   0x00000010   Zero   RW         2836    .bss.RightPWM       135_Propeller.o
    0x20000d64   0x00000048   Zero   RW         2845    .bss.RollInPID      135_Propeller.o
    0x20000dac   0x00000048   Zero   RW         2846    .bss.RollOutPID     135_Propeller.o
    0x20000df4   0x00000048   Zero   RW         2841    .bss.RollPID        135_Propeller.o
    0x20000e3c   0x00000064   Zero   RW         3017    .bss.RxBuffer       138_Usermain.o
    0x20000ea0   0x00000010   Zero   RW         2832    .bss.StopPWM        135_Propeller.o
    0x20000eb0   0x00000001   Zero   RW         1661    .bss.USBD_SetConfig.cfgidx  093_usbd_ctlreq.o
    0x20000eb1   0x00000003   PAD
    0x20000eb4   0x00000200   Zero   RW         2344    .bss.USBD_StrDesc   116_usbd_desc.o
    0x200010b4   0x00000220   Zero   RW         2317    .bss.USBD_static_malloc.mem  115_usbd_conf.o
    0x200012d4   0x00000800   Zero   RW         2244    .bss.UserRxBufferFS  114_usbd_cdc_if.o
    0x20001ad4   0x00000800   Zero   RW         2245    .bss.UserTxBufferFS  114_usbd_cdc_if.o
    0x200022d4   0x00000048   Zero   RW         2843    .bss.YawInPID       135_Propeller.o
    0x2000231c   0x00000048   Zero   RW         2844    .bss.YawOutPID      135_Propeller.o
    0x20002364   0x00000048   Zero   RW         2842    .bss.YawPID         135_Propeller.o
    0x200023ac   0x00000004   Zero   RW         2454    .bss._ZGVZN16lower_controller12_GLOBAL__N_120MutableConfigurationEvE13configuration  119_FusionConfiguration.o
    0x200023b0   0x00000004   Zero   RW         2429    .bss._ZGVZN16lower_controller28GetFusedControlConfigurationEvE13configuration  118_FusedController.o
    0x200023b4   0x00000944   Zero   RW         3013    .bss._ZL13propeller_i2c  138_Usermain.o
    0x20002cf8   0x00000001   Zero   RW         2613    .bss._ZL14pca_last_mode1  128_Extension.o
    0x20002cf9   0x00000001   Zero   RW         3150    .bss._ZL15transfer_failed  142_BMI088Middleware.o
    0x20002cfa   0x00000001   Zero   RW         2614    .bss._ZL17pca_last_prescale  128_Extension.o
    0x20002cfb   0x00000001   Zero   RW         2612    .bss._ZL20pca_configuration_ok  128_Extension.o
    0x20002cfc   0x00000001   Zero   RW         2615    .bss._ZL21pca_expected_prescale  128_Extension.o
    0x20002cfd   0x00000003   PAD
    0x20002d00   0x00000008   Zero   RW         3014    .bss._ZL3led        138_Usermain.o
    0x20002d08   0x00000010   Zero   RW         3015    .bss._ZL6buzzer     138_Usermain.o
    0x20002d18   0x00000028   Zero   RW         3012    .bss._ZL9servo_i2c  138_Usermain.o
    0x20002d40   0x0000000c   Zero   RW         4356    .bss._ZN10__cxxabiv1L10eh_globalsE  libcppabi_wx.l(cxa_exception_storage.cpp.o)
    0x20002d4c   0x00000400   Zero   RW         3205    .bss._ZN12_GLOBAL__N_110idle_stackE  144_ControllerTaskStartup.o
    0x2000314c   0x00000070   Zero   RW         3343    .bss._ZN12_GLOBAL__N_113command_linesE  151_TaskInterruptHandlers.o
    0x200031bc   0x0000004c   Zero   RW         3197    .bss._ZN12_GLOBAL__N_116control_loop_tcbE  144_ControllerTaskStartup.o
    0x20003208   0x0000004c   Zero   RW         3199    .bss._ZN12_GLOBAL__N_116imu_attitude_tcbE  144_ControllerTaskStartup.o
    0x20003254   0x0000004c   Zero   RW         3201    .bss._ZN12_GLOBAL__N_116pressure_pwm_tcbE  144_ControllerTaskStartup.o
    0x200032a0   0x0000004c   Zero   RW         3203    .bss._ZN12_GLOBAL__N_117uart_transmit_tcbE  144_ControllerTaskStartup.o
    0x200032ec   0x00001800   Zero   RW         3196    .bss._ZN12_GLOBAL__N_118control_loop_stackE  144_ControllerTaskStartup.o
    0x20004aec   0x00002000   Zero   RW         3198    .bss._ZN12_GLOBAL__N_118imu_attitude_stackE  144_ControllerTaskStartup.o
    0x20006aec   0x00001800   Zero   RW         3200    .bss._ZN12_GLOBAL__N_118pressure_pwm_stackE  144_ControllerTaskStartup.o
    0x200082ec   0x00000800   Zero   RW         3202    .bss._ZN12_GLOBAL__N_119uart_transmit_stackE  144_ControllerTaskStartup.o
    0x20008aec   0x00000048   Zero   RW         3194    .bss._ZN12_GLOBAL__N_120imu_dma_done_storageE  144_ControllerTaskStartup.o
    0x20008b34   0x00000004   PAD
    0x20008b38   0x00000200   Zero   RW         4396    .bss._ZN12_GLOBAL__N_14heapE  libcppabi_wx.l(fallback_malloc.cpp.o)
    0x20008d38   0x00000014   Zero   RW         3271    .bss._ZN12_GLOBAL__N_16state2E  146_I2cBusAccess.o
    0x20008d4c   0x00000014   Zero   RW         3272    .bss._ZN12_GLOBAL__N_16state3E  146_I2cBusAccess.o
    0x20008d60   0x00000004   Zero   RW         4395    .bss._ZN12_GLOBAL__N_18freelistE  libcppabi_wx.l(fallback_malloc.cpp.o)
    0x20008d64   0x0000004c   Zero   RW         3204    .bss._ZN12_GLOBAL__N_18idle_tcbE  144_ControllerTaskStartup.o
    0x20008db0   0x00000001   Zero   RW         2713    .bss._ZN16lower_controller12_GLOBAL__N_113abort_pendingE  131_ImuDmaAcquisition.o
    0x20008db1   0x00000003   PAD
    0x20008db4   0x00000020   Zero   RW         2715    .bss._ZN16lower_controller12_GLOBAL__N_113active_packetE  131_ImuDmaAcquisition.o
    0x20008dd4   0x00000004   Zero   RW         2712    .bss._ZN16lower_controller12_GLOBAL__N_114publish_packetE  131_ImuDmaAcquisition.o
    0x20008dd8   0x00000001   Zero   RW         2714    .bss._ZN16lower_controller12_GLOBAL__N_118completion_pendingE  131_ImuDmaAcquisition.o
    0x20008dd9   0x00000003   PAD
    0x20008ddc   0x0000000c   Zero   RW         2716    .bss._ZN16lower_controller12_GLOBAL__N_12rxE  131_ImuDmaAcquisition.o
    0x20008de8   0x0000000c   Zero   RW         2717    .bss._ZN16lower_controller12_GLOBAL__N_12txE  131_ImuDmaAcquisition.o
    0x20008df4   0x0000007c   Zero   RW         2711    .bss._ZN16lower_controller12_GLOBAL__N_17arbiterE  131_ImuDmaAcquisition.o
    0x20008e70   0x00000004   Zero   RW         3391    .bss._ZN16lower_controller5tasks10status_ledE  152_TaskSharedState.o
    0x20008e74   0x00000004   Zero   RW         3387    .bss._ZN16lower_controller5tasks11device_listE  152_TaskSharedState.o
    0x20008e78   0x00000004   Zero   RW         3296    .bss._ZN16lower_controller5tasks12_GLOBAL__N_110accel_timeE  148_ImuFusionTask.o
    0x20008e7c   0x00000001   Zero   RW         3294    .bss._ZN16lower_controller5tasks12_GLOBAL__N_110have_accelE  148_ImuFusionTask.o
    0x20008e7d   0x00000003   PAD
    0x20008e80   0x00000090   Zero   RW         3228    .bss._ZN16lower_controller5tasks12_GLOBAL__N_116fused_controllerE  145_ControlLoopTask.o
    0x20008f10   0x00000004   Zero   RW         3292    .bss._ZN16lower_controller5tasks12_GLOBAL__N_116temperature_timeE  148_ImuFusionTask.o
    0x20008f14   0x00000034   Zero   RW         3297    .bss._ZN16lower_controller5tasks12_GLOBAL__N_117calibrated_sampleE  148_ImuFusionTask.o
    0x20008f48   0x00001290   Zero   RW         3291    .bss._ZN16lower_controller5tasks12_GLOBAL__N_18timelineE  148_ImuFusionTask.o
    0x2000a1d8   0x00000004   Zero   RW         3295    .bss._ZN16lower_controller5tasks12_GLOBAL__N_19gyro_timeE  148_ImuFusionTask.o
    0x2000a1dc   0x00000001   Zero   RW         3293    .bss._ZN16lower_controller5tasks12_GLOBAL__N_19have_gyroE  148_ImuFusionTask.o
    0x2000a1dd   0x00000003   PAD
    0x2000a1e0   0x00000004   Zero   RW         3388    .bss._ZN16lower_controller5tasks12device_countE  152_TaskSharedState.o
    0x2000a1e4   0x00000004   Zero   RW         3382    .bss._ZN16lower_controller5tasks12imu_dma_doneE  152_TaskSharedState.o
    0x2000a1e8   0x00000004   Zero   RW         3392    .bss._ZN16lower_controller5tasks13tasks_runningE  152_TaskSharedState.o
    0x2000a1ec   0x00000064   Zero   RW         3402    .bss._ZN16lower_controller5tasks14uart_rx_bufferE  152_TaskSharedState.o
    0x2000a250   0x0000044c   Zero   RW         3372    .bss._ZN16lower_controller5tasks15imu_raw_samplesE  152_TaskSharedState.o
    0x2000a69c   0x00000004   Zero   RW         3399    .bss._ZN16lower_controller5tasks15last_command_usE  152_TaskSharedState.o
    0x2000a6a0   0x00000c6c   Zero   RW         3381    .bss._ZN16lower_controller5tasks15uart_tx_packetsE  152_TaskSharedState.o
    0x2000b30c   0x00000004   Zero   RW         3383    .bss._ZN16lower_controller5tasks17control_loop_taskE  152_TaskSharedState.o
    0x2000b310   0x00000004   Zero   RW         3384    .bss._ZN16lower_controller5tasks17imu_attitude_taskE  152_TaskSharedState.o
    0x2000b314   0x00000004   Zero   RW         3401    .bss._ZN16lower_controller5tasks17neutral_pwm_readyE  152_TaskSharedState.o
    0x2000b318   0x00000004   Zero   RW         3385    .bss._ZN16lower_controller5tasks17pressure_pwm_taskE  152_TaskSharedState.o
    0x2000b31c   0x000003cc   Zero   RW         3380    .bss._ZN16lower_controller5tasks17received_commandsE  152_TaskSharedState.o
    0x2000b6e8   0x00000004   Zero   RW         3396    .bss._ZN16lower_controller5tasks18control_release_usE  152_TaskSharedState.o
    0x2000b6ec   0x00000044   Zero   RW         3375    .bss._ZN16lower_controller5tasks18fusion_diagnosticsE  152_TaskSharedState.o
    0x2000b730   0x00000004   Zero   RW         3386    .bss._ZN16lower_controller5tasks18uart_transmit_taskE  152_TaskSharedState.o
    0x2000b734   0x000000c8   Zero   RW         3377    .bss._ZN16lower_controller5tasks19imu_attitude_framesE  152_TaskSharedState.o
    0x2000b7fc   0x00000054   Zero   RW         3374    .bss._ZN16lower_controller5tasks19latest_fusion_stateE  152_TaskSharedState.o
    0x2000b850   0x0000009c   Zero   RW         3379    .bss._ZN16lower_controller5tasks20pressure_pwm_repliesE  152_TaskSharedState.o
    0x2000b8ec   0x00000004   Zero   RW         3397    .bss._ZN16lower_controller5tasks20safety_fault_latchedE  152_TaskSharedState.o
    0x2000b8f0   0x00000004   Zero   RW         3398    .bss._ZN16lower_controller5tasks21last_control_alive_usE  152_TaskSharedState.o
    0x2000b8f4   0x000000a0   Zero   RW         3378    .bss._ZN16lower_controller5tasks21pressure_pwm_requestsE  152_TaskSharedState.o
    0x2000b994   0x00000004   Zero   RW         3400    .bss._ZN16lower_controller5tasks22have_command_heartbeatE  152_TaskSharedState.o
    0x2000b998   0x0000011c   Zero   RW         3373    .bss._ZN16lower_controller5tasks23pressure_fusion_samplesE  152_TaskSharedState.o
    0x2000bab4   0x00000004   Zero   RW         3395    .bss._ZN16lower_controller5tasks24control_release_sequenceE  152_TaskSharedState.o
    0x2000bab8   0x00000024   Zero   RW         3376    .bss._ZN16lower_controller5tasks27imu_acquisition_diagnosticsE  152_TaskSharedState.o
    0x2000badc   0x00000004   Zero   RW         3390    .bss._ZN16lower_controller5tasks6servosE  152_TaskSharedState.o
    0x2000bae0   0x00000004   Zero   RW         3389    .bss._ZN16lower_controller5tasks9thrustersE  152_TaskSharedState.o
    0x2000bae4   0x00000220   Zero   RW         2680    .bss._ZN3IMU3imuE   130_IMU.o
    0x2000bd04   0x00000001   Zero   RW         4513    .bss._ZN9libunwind17LocalAddressSpace17sThisAddressSpaceE  libunwind_wx.l(libunwind.cpp.o)
    0x2000bd05   0x00000003   PAD
    0x2000bd08   0x00000020   Zero   RW         2937    .bss._ZZN14PressureSensor10Handle_allEvE10conversion  136_Sensor.o
    0x2000bd28   0x00000001   Zero   RW         2933    .bss._ZZN14PressureSensor10Handle_allEvE4data  136_Sensor.o
    0x2000bd29   0x00000003   Zero   RW         2936    .bss._ZZN14PressureSensor10Handle_allEvE4temp  136_Sensor.o
    0x2000bd2c   0x00000130   Zero   RW         2453    .bss._ZZN16lower_controller12_GLOBAL__N_120MutableConfigurationEvE13configuration  119_FusionConfiguration.o
    0x2000be5c   0x00000110   Zero   RW         2428    .bss._ZZN16lower_controller28GetFusedControlConfigurationEvE13configuration  118_FusedController.o
    0x2000bf6c   0x00000004   Zero   RW         3233    .bss._ZZN16lower_controller5tasks12_GLOBAL__N_112LogVofaStateERKNS_11FusionStateEbRKNS_19PressureArraySampleEjbE11previous_us  145_ControlLoopTask.o
    0x2000bf70   0x00000002   Zero   RW         3234    .bss._ZZN16lower_controller5tasks12_GLOBAL__N_112LogVofaStateERKNS_11FusionStateEbRKNS_19PressureArraySampleEjbE8sequence  145_ControlLoopTask.o
    0x2000bf72   0x00000002   PAD
    0x2000bf74   0x00000004   Zero   RW         3323    .bss._ZZN16lower_controller5tasks25ProcessPressurePwmRequestERKNS_18PressurePwmRequestERNS0_19PressurePublicationEE18published_physical  150_PressurePwmTask.o
    0x2000bf78   0x00000004   Zero   RW         2739    .bss._ZZN3LED15aRGB_led_changeEjE8lastTick  132_LED.o
    0x2000bf7c   0x00000004   Zero   RW         2740    .bss._ZZN3LED15aRGB_led_changeEjE9lastPhase  132_LED.o
    0x2000bf80   0x00000004   Zero   RW         4734    .bss.__cxa_new_handler  libcppabi_wx.l(cxa_default_handlers.cpp.o)
    0x2000bf84   0x00000080   Zero   RW         3403    .bss.controller_task_diagnostics  152_TaskSharedState.o
    0x2000c004   0x00000010   Zero   RW         2767    .bss.flashData      133_Legacy.o
    0x2000c014   0x000002dc   Zero   RW         2224    .bss.hUsbDeviceFS   113_usb_device.o
    0x2000c2f0   0x00000048   Zero   RW         1908    .bss.hadc1          099_adc.o
    0x2000c338   0x00000048   Zero   RW         1909    .bss.hadc3          099_adc.o
    0x2000c380   0x00000028   Zero   RW         1926    .bss.hcan1          100_can.o
    0x2000c3a8   0x00000028   Zero   RW         1927    .bss.hcan2          100_can.o
    0x2000c3d0   0x00000060   Zero   RW         2069    .bss.hdma_spi1_rx   107_spi.o
    0x2000c430   0x00000060   Zero   RW         2070    .bss.hdma_spi1_tx   107_spi.o
    0x2000c490   0x00000060   Zero   RW         2071    .bss.hdma_spi2_tx   107_spi.o
    0x2000c4f0   0x00000060   Zero   RW         2212    .bss.hdma_usart3_rx  112_usart.o
    0x2000c550   0x00000060   Zero   RW         2213    .bss.hdma_usart6_rx  112_usart.o
    0x2000c5b0   0x00000054   Zero   RW         1963    .bss.hi2c2          103_i2c.o
    0x2000c604   0x00000054   Zero   RW         1964    .bss.hi2c3          103_i2c.o
    0x2000c658   0x0000050c   Zero   RW         2316    .bss.hpcd_USB_OTG_FS  115_usbd_conf.o
    0x2000cb64   0x00000058   Zero   RW         2067    .bss.hspi1          107_spi.o
    0x2000cbbc   0x00000058   Zero   RW         2068    .bss.hspi2          107_spi.o
    0x2000cc14   0x00000048   Zero   RW         2184    .bss.htim1          111_tim.o
    0x2000cc5c   0x00000048   Zero   RW         2190    .bss.htim10         111_tim.o
    0x2000cca4   0x00000048   Zero   RW         2185    .bss.htim4          111_tim.o
    0x2000ccec   0x00000048   Zero   RW         2186    .bss.htim5          111_tim.o
    0x2000cd34   0x00000048   Zero   RW         2187    .bss.htim6          111_tim.o
    0x2000cd7c   0x00000048   Zero   RW         2188    .bss.htim7          111_tim.o
    0x2000cdc4   0x00000048   Zero   RW         2189    .bss.htim8          111_tim.o
    0x2000ce0c   0x00000044   Zero   RW         2209    .bss.huart1         112_usart.o
    0x2000ce50   0x00000044   Zero   RW         2210    .bss.huart3         112_usart.o
    0x2000ce94   0x00000044   Zero   RW         2211    .bss.huart6         112_usart.o
    0x2000ced8   0x00000001   Zero   RW         2681    .bss.is_output_angle  130_IMU.o
    0x2000ced9   0x00000003   PAD
    0x2000cedc   0x00000001   Zero   RW         2006    .bss.microseconds_ready  105_LowerTimebase.o
    0x2000cedd   0x00000003   PAD
    0x2000cee0   0x00000004   Zero   RW         1872    .bss.pxCurrentTCB   098_tasks.o
    0x2000cee4   0x00000004   Zero   RW         1886    .bss.pxDelayedTaskList  098_tasks.o
    0x2000cee8   0x00000004   Zero   RW         1887    .bss.pxOverflowDelayedTaskList  098_tasks.o
    0x2000ceec   0x00000078   Zero   RW         1875    .bss.pxReadyTasksLists  098_tasks.o
    0x2000cf64   0x00000001   Zero   RW         3016    .bss.system_init_flag  138_Usermain.o
    0x2000cf65   0x00000003   PAD
    0x2000cf68   0x00000004   Zero   RW         3020    .bss.time_start     138_Usermain.o
    0x2000cf6c   0x00000001   Zero   RW         1737    .bss.ucMaxSysCallPriority  096_port.o
    0x2000cf6d   0x00000003   PAD
    0x2000cf70   0x00000004   Zero   RW         1738    .bss.ulMaxPRIGROUPValue  096_port.o
    0x2000cf74   0x00000004   Zero   RW           58    .bss.uwTick         000_stm32f4xx_hal.o
    0x2000cf78   0x00000004   Zero   RW         1879    .bss.uxCurrentNumberOfTasks  098_tasks.o
    0x2000cf7c   0x00000004   Zero   RW         1874    .bss.uxSchedulerSuspended  098_tasks.o
    0x2000cf80   0x00000004   Zero   RW         1889    .bss.uxTaskNumber   098_tasks.o
    0x2000cf84   0x00000004   Zero   RW         1876    .bss.uxTopReadyPriority  098_tasks.o
    0x2000cf88   0x00000014   Zero   RW         1890    .bss.xDelayedTaskList1  098_tasks.o
    0x2000cf9c   0x00000014   Zero   RW         1891    .bss.xDelayedTaskList2  098_tasks.o
    0x2000cfb0   0x00000004   Zero   RW         1881    .bss.xIdleTaskHandle  098_tasks.o
    0x2000cfb4   0x00000004   Zero   RW         1882    .bss.xNextTaskUnblockTime  098_tasks.o
    0x2000cfb8   0x00000004   Zero   RW         1888    .bss.xNumOfOverflows  098_tasks.o
    0x2000cfbc   0x00000004   Zero   RW         1885    .bss.xPendedTicks   098_tasks.o
    0x2000cfc0   0x00000014   Zero   RW         1880    .bss.xPendingReadyList  098_tasks.o
    0x2000cfd4   0x00000004   Zero   RW         1878    .bss.xSchedulerRunning  098_tasks.o
    0x2000cfd8   0x00000014   Zero   RW         1877    .bss.xSuspendedTaskList  098_tasks.o
    0x2000cfec   0x00000004   Zero   RW         1883    .bss.xTickCount     098_tasks.o
    0x2000cff0   0x00000004   Zero   RW         1884    .bss.xYieldPending  098_tasks.o
    0x2000cff4   0x00000004   PAD
    0x2000cff8   0x00001000   Zero   RW         1543    HEAP                090_startup_stm32f407xx.o
    0x2000dff8   0x00000800   Zero   RW         1542    STACK               090_startup_stm32f407xx.o


==============================================================================

Image component sizes


      Code (inc. data)   RO Data    RW Data    ZI Data      Debug   Object Name

        92          0          0          5          4       7412   000_stm32f4xx_hal.o
       644          0          0          0          0      11929   001_stm32f4xx_hal_adc.o
       848          6          0          0          0      13728   003_stm32f4xx_hal_can.o
       152          0          0          0          0      10544   005_stm32f4xx_hal_cortex.o
       944          4          8          0          0      10420   014_stm32f4xx_hal_dma.o
       446          0          8          0          0       5531   027_stm32f4xx_hal_gpio.o
      8216         16          0          0          0      46462   031_stm32f4xx_hal_i2c.o
      3290          0          0          0          0      16921   044_stm32f4xx_hal_pcd.o
       220          0          0          0          0       4800   045_stm32f4xx_hal_pcd_ex.o
      1488          4          0          0          0       7588   049_stm32f4xx_hal_rcc.o
      1272          0          0          0          0      25210   061_stm32f4xx_hal_spi.o
      2528          4          8          0          0      56548   063_stm32f4xx_hal_tim.o
       262          0          0          0          0      21689   064_stm32f4xx_hal_tim_ex.o
      3436          0         16          0          0      30822   065_stm32f4xx_hal_uart.o
      4236          0          0          0          0      31920   088_stm32f4xx_ll_usb.o
        64         26        392          0       6144       1068   090_startup_stm32f407xx.o
      1126         12          0        133          0      11507   091_usbd_cdc.o
       972          0          0          0          0      11197   092_usbd_core.o
      1500         24          0          0          1      10835   093_usbd_ctlreq.o
       128          0          0          0          0       4827   094_usbd_ioreq.o
       184          0         16          0          0       2425   095_list.o
       998         16        147          4          5       4198   096_port.o
      1926          0        126          0          0      18093   097_queue.o
      3350         14        134          0        256      20879   098_tasks.o
       376          0          0          0        144       5655   099_adc.o
       438          0          0          0         84       6743   100_can.o
       140          0          0          0          0       3609   101_dma.o
       444          0          0          0          0       4360   102_gpio.o
       448          0          0          0        168       7642   103_i2c.o
        30          0          8          0          0       2683   104_iwdg.o
       938          0          8          0          1       8620   105_LowerTimebase.o
       208          0         27          0          0       5033   106_main.o
       688          0          0          0        464       7709   107_spi.o
        56          0          0          0          0       1560   108_stm32f4xx_hal_msp.o
       286          0         16          0          0      13674   109_stm32f4xx_it.o
        86          0         24          4          0       2832   110_system_stm32f4xx.o
      2186          0          0          0        504      12134   111_tim.o
       736          0          0          0        396       7842   112_usart.o
       114          0          0          0        732       3272   113_usb_device.o
        84          0          0         20       4096       4975   114_usbd_cdc_if.o
       788          0          0          0       1836      18368   115_usbd_conf.o
       564         72          0         76        512       4206   116_usbd_desc.o
     25656        260        232          0          0      86693   117_AttitudeEskf.o
      7324        132         80          0        276      35012   118_FusedController.o
      3968         96         44          0        308      25168   119_FusionConfiguration.o
       650          6         32          0          0      10064   120_FusionTimeline.o
       200          8          8          0          0      26424   121_Kalman_Filter.o
      1760         32          0          0          0      19965   124_PID.o
      3104          0          8          0          0       4535   126_bsp_spi.o
       702         52        100          0          0      22013   127_Buzzer.o
       986         32         64          0          4      22036   128_Extension.o
       960        212         28          0          0      28591   129_FusedControlAdapter.o
      4428         68        149          0        545      47557   130_IMU.o
      9552          0         64          0        186      38386   131_ImuDmaAcquisition.o
       376         16         81          0          8      21363   132_LED.o
        16          0          8          0         16      18667   133_Legacy.o
     10054        204        289        103       1748     114700   135_Propeller.o
      5554        286        185        818         36      57725   136_Sensor.o
      1320         22        120         80          0      24696   137_Servo.o
      9720        172        472        717       2541     123087   138_Usermain.o
      3372        108        118          8          0      15177   140_BMI088driver.o
       396         12         20          0          0       3502   141_ist8310driver.o
       170          0         40          0          1       3806   142_BMI088Middleware.o
       142          0         48          0          0       4158   143_ist8310driver_middleware.o
      1158         68        280          0      24004      35665   144_ControllerTaskStartup.o
      6718        400        732          5        150      53146   145_ControlLoopTask.o
      1238          0        193          0         40       9845   146_I2cBusAccess.o
      2000         60         32          0       4818      36224   148_ImuFusionTask.o
       162          0         16          0          0      27429   149_ImuSampleInterrupts.o
      1446          0        140          0          4      32529   150_PressurePwmTask.o
      1056          0         40          0        112      30381   151_TaskInterruptHandlers.o
       770          0         72          8       6540      39411   152_TaskSharedState.o
       300          0        141          0          0      27339   153_UartTransmitTask.o

    ----------------------------------------------------------------------
    152758       2476       4811       2004      56728    1552764   Object Totals
         0          0         32          0          0          0   (incl. Generated)
       568         32          5         23         44          0   (incl. Padding)

    ----------------------------------------------------------------------

      Code (inc. data)   RO Data    RW Data    ZI Data      Debug   Library Member Name

        64          6          0          0          0         84   __2snprintf.o
        90          0          0          0          0          0   __dczerorl2.o
         8          0          0          0          0         68   __main.o
       352          0          0          0          0         88   __printf_ss_wp.o
        14          0          0          0          0         68   __printf_wp.o
         0          0          0          0          0          0   __rtentry.o
        12          0          0          0          0          0   __rtentry2.o
         6          0          8          0          0          0   __rtentry4.o
        94          8          0          0          0          0   __scatter.o
        28          0          0          0          0          0   __scatter_zi.o
        28          0          0          0          0         68   _chval.o
        48          4          0          0          0         84   _fptrap.o
        44          0          0          0          0        108   _printf_char.o
        48          6          0          0          0         96   _printf_char_common.o
         6          0          0          0          0          0   _printf_d.o
       120         16          0          0          0         92   _printf_dec.o
         6          0          0          0          0          0   _printf_f.o
       840          0          0          0          0        144   _printf_fp_dec_accurate.o
       128         16          0          0          0         84   _printf_fp_infnan.o
       178          0          0          0          0         88   _printf_intcommon.o
         0          0          0          0          0          0   _printf_percent.o
         4          0          0          0          0          0   _printf_percent_end.o
         6          0          0          0          0          0   _printf_s.o
        82          0          0          0          0         80   _printf_str.o
         6          0          0          0          0          0   _printf_u.o
        22          0          0          0          0        100   _rserrno.o
        64          0          0          0          0         84   _sgetc.o
        16          0          0          0          0         68   _snputc.o
       158          0          0          0          0         92   _strtoul.o
        22          0          0          0          0         80   abort.o
        72          8          0          0          0         84   aeabi_atexit.o
        16          0          0          0          0         68   aeabi_memset4.o
        12          6          0          4          0         68   atexit_init.o
        26          0          0          0          0         80   atoi.o
       422          0          0          0          0        100   btod_accurate.o
       804          6          0          0          0        236   btod_accurate_common.o
        10          0          0          0          0         68   cxa_atexit.o
       100          8          0          4          0         88   cxa_finalize.o
        48         34          0          0          0         76   defsig_abrt_inner.o
        14          0          0          0          0         80   defsig_abrt_outer.o
        10          0          0          0          0         68   defsig_exit.o
       172        110          0          0          0         76   defsig_fpe_inner.o
        14          0          0          0          0         80   defsig_fpe_outer.o
        50          0          0          0          0         88   defsig_general.o
        80         58          0          0          0         76   defsig_rtmem_inner.o
        14          0          0          0          0         80   defsig_rtmem_outer.o
       996         14         36          0          0        100   dtob_accurate.o
        18          0          0          0          0         80   exit.o
        94          0          0          0          0         80   h1_alloc.o
        52          0          0          0          0         68   h1_extend.o
        78          0          0          0          0         80   h1_free.o
        12          0          0          0          0         84   h1_init.o
       174          0          0          0          0         88   h1_memalign.o
         6          0          0          0          0        152   heapauxi.o
         4          0          0          0          0        136   hguard.o
        44          8          0          0          0         80   init_aeabi.o
       138          0          0          0          0        168   init_alloc.o
        18          0          0          0          0         76   isspace.o
        44         10        272          0          0         76   lc_ctype_c.o
        44         10         28          0          0         76   lc_numeric_c.o
         2          0          0          0          0          0   libinit.o
        54          0          0          0          0          0   libinit2.o
         2          0          0          0          0          0   libshutdown.o
         8          0          0          0          0          0   libshutdown2.o
         8          4          0          0         96         68   libspace.o
        38          0          0          0          0         68   llshl.o
       240          0          0          0          0        100   lludivv7m.o
        38          0          0          0          0         68   llushr.o
         0          0          0          0          0          0   maybetermalloc1.o
        88          0          0          0          0         76   memcmp.o
         4          0          0          0          0         68   mutex_dummy.o
        16          4          0          0          0         76   rt_ctype_table.o
         8          4          0          0          0         68   rt_ddtor_pointer_addr_intlibspace.o
         8          4          0          0          0         68   rt_errno_addr_intlibspace.o
         8          4          0          0          0         68   rt_heap_descriptor_intlibspace.o
         8          4          0          0          0         68   rt_locale_intlibspace.o
        68          0          0          0          0         68   rt_memclr.o
        78          0          0          0          0         80   rt_memclr_w.o
       138          0          0          0          0         68   rt_memcpy_v6.o
       100          0          0          0          0         80   rt_memcpy_w.o
         2          0          0          0          0          0   rtexit.o
        10          0          0          0          0          0   rtexit2.o
      1140         14          0          0          0        148   scanf_fp_accurate.o
       800         14          0          0          0        100   scanf_hexfp.o
       308         16          0          0          0        100   scanf_infnan.o
       124          0          0          0          0         88   strcmpv7em.o
        32          0          0          0          0         80   strcspn.o
        62          0          0          0          0         76   strlen.o
       150          0          0          0          0         80   strncmp.o
        28          0          0          0          0         80   strspn.o
       176         14          0          0          0        124   strtod.o
         8          0          0          0          0         68   strtof.o
        12          6          0          4          0         68   strtok.o
        68          4          0          0          0         84   strtok_int.o
       112          0          0          0          0         88   strtol.o
        74          0          0          0          0         80   sys_stackheap_outer.o
         2          0          0          0          0         68   use_no_semi.o
         2          0          0          0          0         68   use_no_semi_2.o
       708         16          0          0          0        140   d2f_clz.o
      1340         32          0          0          0        556   daddsub_clz.o
        28          0          0          0          0        116   dcheck1.o
        24          0          0          0          0        116   dcmpi.o
       900        152          0          0          0        300   ddiv_clz.o
       116          8          0          0          0        140   deqf.o
       200         16          0          0          0        188   dfix.o
        26          0          0          0          0        116   dflt_clz.o
       212          4          0          0          0        132   dfltll_clz.o
       120          8          0          0          0        140   dleqf.o
       448         16          0          0          0        164   dmul_clz.o
       262          4          0          0          0        156   dnaninf.o
       356         12          0          0          0        148   drem_clz.o
       112          0          0          0          0        160   drenorm_clz.o
        12          0          0          0          0        116   dretinf.o
        98          0          0          0          0        128   drleqf.o
       378          0          0          0          0        168   dunder_clz.o
       492         36          0          0          0        152   except.o
       122          8          0          0          0        132   f2d.o
        82          8          0          0          0        148   fcmp4.o
        24          0          0          0          0        116   fcmpi.o
       246          4          0          0          0        148   fnaninf.o
        74          0          0          0          0        136   fnorm2_clz.o
        22          0          0          0          0        116   fpinit.o
       278          8          0          0          0        132   frem_clz.o
        10          0          0          0          0        116   fretinf.o
       172         12          0          0          0        124   frnd.o
       316          0          0          0          0        132   funder_clz.o
        32          4          0          0          0        116   istatus.o
         4          0          0          0          0        116   printf1.o
       178          0          0          0          0        116   retnan.o
       272          4          0          0          0        124   scalbn_clz.o
         4          0          0          0          0        116   scanf1.o
         8          0          0          0          0        132   scanf2.o
       126          0          0          0          0        148   trapv.o
         0          0          0          0          0          0   usenofp.o
      1542         24        432          0          0        104   hash.cpp.o
       136          0         48          0          0        420   new.cpp.o
        32          0          8          0          0         44   new_helpers.cpp.o
        74          0         28          0          0        256   stdexcept.cpp.o
         6          0          8          0          0         44   abort_message.cpp.o
         0          0          0          8          4          0   cxa_default_handlers.cpp.o
       834          4        232          0          0        652   cxa_exception.cpp.o
        20          0          8          0         12         52   cxa_exception_storage.cpp.o
        52          0        155          0          0         76   cxa_guard.cpp.o
       256        136         88          0          0        188   cxa_handlers.cpp.o
      2060         14        148          0          0        284   cxa_personality.cpp.o
       362          0         24          0        516        172   fallback_malloc.cpp.o
      1296          0        300          0          0       1060   private_typeinfo.cpp.o
       120         60        197          0          0        196   stdlib_exception.cpp.o
        84          0        117          0          0        316   stdlib_stdexcept.cpp.o
         2          0         21          0          0        196   stdlib_typeinfo.cpp.o
      1944         14        112          0          0        540   Unwind-EHABI.cpp.o
        38          0          0          0          0          0   UnwindRegistersRestore.S.o
        46          0          0          0          0          0   UnwindRegistersSave.S.o
      2452        564        291          0          1        816   libunwind.cpp.o
       300         42          0          0          0        176   asinf.o
       684         90          0          0          0        208   atan2f.o
       108         10          0          0          0        116   ceilf.o
       336         56          0          0          0        136   cosf.o
        96         24          0          0          0        372   dunder.o
       280         28          0          0          0        156   floor.o
       112         14          0          0          0        116   floorf.o
        72          0          0          0          0        148   fmaxf.o
        72          0          0          0          0        148   fminf.o
       260          6          0          0          0        144   fmod.o
       176          0          0          0          0        168   fmodf.o
        48          0          0          0          0        124   fpclassify.o
        38          0          0          0          0        116   fpclassifyf.o
       140         22          0          0          0        132   frexp.o
        60         18          0          0          0        580   funder.o
       448         10          0          0          0        196   hypotf.o
       228          8          0          0          0        308   ldexp.o
       266         16          0          0          0        308   narrow.o
       340         24         32          0          0        160   rredf.o
       400         56          0          0          0        212   sinf.o
       120          0          0          0          0        272   sqrtf.o
        32          6          0          0          0        124   strtof.o
        92          0          0          0          0        136   truncf.o

    ----------------------------------------------------------------------
     34062       2026       2597         20        632      22104   Library Totals
        92          8          4          0          3          0   (incl. Padding)

    ----------------------------------------------------------------------

      Code (inc. data)   RO Data    RW Data    ZI Data      Debug   Library Name

     10104        420        344         12         96       6828   c_w.l
      7802        352          0          0          0       5304   g_wm.l
      1784         24        516          0          0        824   libcpp_wx.l
      5092        214       1298          8        532       3236   libcppabi_wx.l
      4480        578        403          0          1       1356   libunwind_wx.l
      4708        430         32          0          0       4556   m_wm.l

    ----------------------------------------------------------------------
     34062       2026       2597         20        632      22104   Library Totals

    ----------------------------------------------------------------------

==============================================================================


      Code (inc. data)   RO Data    RW Data    ZI Data      Debug   

    186820       4502       7408       2024      57360    1562524   Grand Totals
    186820       4502       7408        352      57360    1562524   ELF Image Totals (compressed)
    186820       4502       7408        352          0          0   ROM Totals

==============================================================================

    Total RO  Size (Code + RO Data)               194228 ( 189.68kB)
    Total RW  Size (RW Data + ZI Data)             59384 (  57.99kB)
    Total ROM Size (Code + RO Data + RW Data)     194580 ( 190.02kB)

==============================================================================

