<html>
<body>
<pre>
<h1>�Vision Build Log</h1>
<h2>Tool Versions:</h2>
IDE-Version: ��Vision V5.43.1.0
Copyright (C) 2025 ARM Ltd and ARM Germany GmbH. All rights reserved.
License Information: 1 lixinyi1014@outlook.com, 1, LIC=DSNXV-PGNB8-NTW3G-VADFT-42UW2-IGLL4
 
Tool Versions:
Toolchain:       MDK-ARM Professional  Version: 5.43.0.0
Toolchain Path:  D:\keil\keil5.43\ARM\ARMCLANG\Bin
C Compiler:      ArmClang.exe V6.24
Assembler:       Armasm.exe V6.24
Linker/Locator:  ArmLink.exe V6.24
Library Manager: ArmAr.exe V6.24
Hex Converter:   FromElf.exe V6.24
CPU DLL:         SARMCM3.DLL V5.43.0.0
Dialog DLL:      DCM.DLL V1.17.5.0
Target DLL:      STLink\ST-LINKIII-KEIL_SWO.dll V3.3.1.0
Dialog DLL:      TCM.DLL V1.56.6.0
 
<h2>Project:</h2>
C:\Users\lixin\Desktop\workspace\FinsROV_V33_ESKF_20260916_R2\Lower_Level_Controller\CubeMX\MDK-ARM\RM_Frame_C.uvprojx
Project File Date:  09/21/2026

<h2>Output:</h2>
*** Using Compiler 'V6.24', folder: 'D:\keil\keil5.43\ARM\ARMCLANG\Bin'
Build target 'RM_Frame_C'
compiling usart.c...
compiling can.c...
compiling iwdg.c...
compiling i2c.c...
compiling gpio.c...
compiling stm32f4xx_it.c...
compiling usb_device.c...
compiling dma.c...
compiling main.c...
compiling adc.c...
compiling usbd_cdc_if.c...
compiling tim.c...
compiling spi.c...
compiling usbd_desc.c...
compiling usbd_conf.c...
compiling stm32f4xx_hal_msp.c...
compiling usbd_ioreq.c...
compiling usbd_core.c...
compiling LowerTimebase.c...
compiling usbd_cdc.c...
compiling usbd_ctlreq.c...
compiling tasks.c...
compiling I2cBusAccess.cpp...
../../Middlewares/Third_Party/FreeRTOS/portable/GCC/ARM_CM4F/port.c(291): warning: converting the result of '<<' to a boolean always evaluates to true [-Wtautological-constant-compare]
  291 |         configASSERT( configMAX_SYSCALL_INTERRUPT_PRIORITY );
      |                       ^
../../Inc\FreeRTOSConfig.h(40): note: expanded from macro 'configMAX_SYSCALL_INTERRUPT_PRIORITY'
   40 | #define configMAX_SYSCALL_INTERRUPT_PRIORITY    (5U << 4U) // 0x50；使用 FromISR 的 NVIC 优先级数值须 ≥5
      |                                                     ^
1 warning generated.
compiling port.c...
compiling list.c...
compiling queue.c...
compiling MahonyAHRS.cpp...
compiling Buzzer.cpp...
compiling bsp_spi.cpp...
compiling PID.cpp...
compiling Extension.cpp...
compiling Legacy.cpp...
compiling LED.cpp...
compiling PressurePwmTask.cpp...
compiling TaskSharedState.cpp...
compiling TaskInterruptHandlers.cpp...
compiling ControlLoopTask.cpp...
compiling Watchdog.cpp...
compiling BMI088driver.cpp...
compiling ist8310driver.cpp...
compiling ImuAttitudeTask.cpp...
compiling UartTransmitTask.cpp...
compiling BMI088Middleware.cpp...
compiling Servo.cpp...
compiling ist8310driver_middleware.cpp...
compiling ControllerTaskStartup.cpp...
compiling IMU.cpp...
compiling FusedController.cpp...
compiling PressureArrayAcquisition.cpp...
compiling Sensor.cpp...
compiling Propeller.cpp...
compiling Usermain.cpp...
compiling FusedControlAdapter.cpp...
compiling ImuDmaAcquisition.cpp...
compiling ImuSampleInterrupts.cpp...
compiling ImuFusionTask.cpp...
linking...
Program Size: Code=183614 RO-data=2986 RW-data=2020 ZI-data=61140  
FromELF: creating hex file...
"RM_Frame_C\RM_Frame_C.axf" - 0 Error(s), 1 Warning(s).

<h2>Software Packages used:</h2>

Package Vendor: ARM
                https://www.keil.com/pack/ARM.CMSIS.6.3.0.pack
                ARM::CMSIS@6.3.0
                CMSIS (Common Microcontroller Software Interface Standard)
   * Component: CORE Version: 6.2.0

Package Vendor: Keil
                http://www.keil.com/pack/Keil.STM32F4xx_DFP.2.14.0.pack
                Keil::STM32F4xx_DFP@2.14.0
                STMicroelectronics STM32F4 Series Device Support, Drivers and Examples

<h2>Collection of Component include folders:</h2>
  ./RTE/_RM_Frame_C
  D:/keil/keil5.43/local/Arm/Packs/ARM/CMSIS/6.3.0/CMSIS/Core/Include
  D:/keil/keil5.43/local/Arm/Packs/Keil/STM32F4xx_DFP/2.14.0/Drivers/CMSIS/Device/ST/STM32F4xx/Include

<h2>Collection of Component Files used:</h2>

   * Component: ARM::CMSIS:CORE@6.2.0
Build Time Elapsed:  00:00:12
</pre>
</body>
</html>
